Component: ARM Compiler 5.06 update 4 (build 422) Tool: armlink [4d35d2]

==============================================================================

Section Cross References

    usbd_ioreq.o(i.USBD_CtlContinueRx) refers to usbd_conf.o(i.USBD_LL_PrepareReceive) for USBD_LL_PrepareReceive
    usbd_ioreq.o(i.USBD_CtlContinueSendData) refers to usbd_conf.o(i.USBD_LL_Transmit) for USBD_LL_Transmit
    usbd_ioreq.o(i.USBD_CtlPrepareRx) refers to usbd_conf.o(i.USBD_LL_PrepareReceive) for USBD_LL_PrepareReceive
    usbd_ioreq.o(i.USBD_CtlReceiveStatus) refers to usbd_conf.o(i.USBD_LL_PrepareReceive) for USBD_LL_PrepareReceive
    usbd_ioreq.o(i.USBD_CtlSendData) refers to usbd_conf.o(i.USBD_LL_Transmit) for USBD_LL_Transmit
    usbd_ioreq.o(i.USBD_CtlSendStatus) refers to usbd_conf.o(i.USBD_LL_Transmit) for USBD_LL_Transmit
    usbd_ioreq.o(i.USBD_GetRxCount) refers to usbd_conf.o(i.USBD_LL_GetRxDataSize) for USBD_LL_GetRxDataSize
    usbd_ctlreq.o(i.USBD_CtlError) refers to usbd_conf.o(i.USBD_LL_StallEP) for USBD_LL_StallEP
    usbd_ctlreq.o(i.USBD_GetDescriptor) refers to usbd_ctlreq.o(i.USBD_CtlError) for USBD_CtlError
    usbd_ctlreq.o(i.USBD_GetDescriptor) refers to usbd_ioreq.o(i.USBD_CtlSendData) for USBD_CtlSendData
    usbd_ctlreq.o(i.USBD_SetConfig) refers to usbd_core.o(i.USBD_ClrClassConfig) for USBD_ClrClassConfig
    usbd_ctlreq.o(i.USBD_SetConfig) refers to usbd_core.o(i.USBD_SetClassConfig) for USBD_SetClassConfig
    usbd_ctlreq.o(i.USBD_SetConfig) refers to usbd_ioreq.o(i.USBD_CtlSendStatus) for USBD_CtlSendStatus
    usbd_ctlreq.o(i.USBD_SetConfig) refers to usbd_ctlreq.o(i.USBD_CtlError) for USBD_CtlError
    usbd_ctlreq.o(i.USBD_SetConfig) refers to usbd_ctlreq.o(.data) for .data
    usbd_ctlreq.o(i.USBD_StdDevReq) refers to usbd_ctlreq.o(i.USBD_GetDescriptor) for USBD_GetDescriptor
    usbd_ctlreq.o(i.USBD_StdDevReq) refers to usbd_conf.o(i.USBD_LL_SetUSBAddress) for USBD_LL_SetUSBAddress
    usbd_ctlreq.o(i.USBD_StdDevReq) refers to usbd_ioreq.o(i.USBD_CtlSendStatus) for USBD_CtlSendStatus
    usbd_ctlreq.o(i.USBD_StdDevReq) refers to usbd_ctlreq.o(i.USBD_SetConfig) for USBD_SetConfig
    usbd_ctlreq.o(i.USBD_StdDevReq) refers to usbd_ctlreq.o(i.USBD_CtlError) for USBD_CtlError
    usbd_ctlreq.o(i.USBD_StdDevReq) refers to usbd_ioreq.o(i.USBD_CtlSendData) for USBD_CtlSendData
    usbd_ctlreq.o(i.USBD_StdEPReq) refers to usbd_conf.o(i.USBD_LL_StallEP) for USBD_LL_StallEP
    usbd_ctlreq.o(i.USBD_StdEPReq) refers to usbd_conf.o(i.USBD_LL_ClearStallEP) for USBD_LL_ClearStallEP
    usbd_ctlreq.o(i.USBD_StdEPReq) refers to usbd_ioreq.o(i.USBD_CtlSendStatus) for USBD_CtlSendStatus
    usbd_ctlreq.o(i.USBD_StdEPReq) refers to usbd_ctlreq.o(i.USBD_CtlError) for USBD_CtlError
    usbd_ctlreq.o(i.USBD_StdEPReq) refers to usbd_conf.o(i.USBD_LL_IsStallEP) for USBD_LL_IsStallEP
    usbd_ctlreq.o(i.USBD_StdEPReq) refers to usbd_ioreq.o(i.USBD_CtlSendData) for USBD_CtlSendData
    usbd_ctlreq.o(i.USBD_StdItfReq) refers to usbd_ioreq.o(i.USBD_CtlSendStatus) for USBD_CtlSendStatus
    usbd_ctlreq.o(i.USBD_StdItfReq) refers to usbd_ctlreq.o(i.USBD_CtlError) for USBD_CtlError
    usbd_core.o(i.USBD_DeInit) refers to usbd_conf.o(i.USBD_LL_Stop) for USBD_LL_Stop
    usbd_core.o(i.USBD_DeInit) refers to usbd_conf.o(i.USBD_LL_DeInit) for USBD_LL_DeInit
    usbd_core.o(i.USBD_Init) refers to usbd_conf.o(i.USBD_LL_Init) for USBD_LL_Init
    usbd_core.o(i.USBD_LL_DataInStage) refers to usbd_ioreq.o(i.USBD_CtlContinueSendData) for USBD_CtlContinueSendData
    usbd_core.o(i.USBD_LL_DataInStage) refers to usbd_conf.o(i.USBD_LL_PrepareReceive) for USBD_LL_PrepareReceive
    usbd_core.o(i.USBD_LL_DataInStage) refers to usbd_ioreq.o(i.USBD_CtlReceiveStatus) for USBD_CtlReceiveStatus
    usbd_core.o(i.USBD_LL_DataOutStage) refers to usbd_ioreq.o(i.USBD_CtlContinueRx) for USBD_CtlContinueRx
    usbd_core.o(i.USBD_LL_DataOutStage) refers to usbd_ioreq.o(i.USBD_CtlSendStatus) for USBD_CtlSendStatus
    usbd_core.o(i.USBD_LL_Reset) refers to usbd_conf.o(i.USBD_LL_OpenEP) for USBD_LL_OpenEP
    usbd_core.o(i.USBD_LL_SetupStage) refers to usbd_ctlreq.o(i.USBD_ParseSetupRequest) for USBD_ParseSetupRequest
    usbd_core.o(i.USBD_LL_SetupStage) refers to usbd_conf.o(i.USBD_LL_StallEP) for USBD_LL_StallEP
    usbd_core.o(i.USBD_LL_SetupStage) refers to usbd_ctlreq.o(i.USBD_StdDevReq) for USBD_StdDevReq
    usbd_core.o(i.USBD_LL_SetupStage) refers to usbd_ctlreq.o(i.USBD_StdItfReq) for USBD_StdItfReq
    usbd_core.o(i.USBD_LL_SetupStage) refers to usbd_ctlreq.o(i.USBD_StdEPReq) for USBD_StdEPReq
    usbd_core.o(i.USBD_Start) refers to usbd_conf.o(i.USBD_LL_Start) for USBD_LL_Start
    usbd_core.o(i.USBD_Stop) refers to usbd_conf.o(i.USBD_LL_Stop) for USBD_LL_Stop
    usbd_audio.o(i.USBD_AUDIO_DataOut) refers to usbd_conf.o(i.USBD_LL_PrepareReceive) for USBD_LL_PrepareReceive
    usbd_audio.o(i.USBD_AUDIO_DeInit) refers to usbd_conf.o(i.USBD_LL_CloseEP) for USBD_LL_CloseEP
[...]
    i.AUDIO_VolumeCtl_FS                     0x08000286   Section        0  usbd_audio_if.o(i.AUDIO_VolumeCtl_FS)
    AUDIO_VolumeCtl_FS                       0x08000287   Thumb Code    10  usbd_audio_if.o(i.AUDIO_VolumeCtl_FS)
    i.BSP_AUDIO_OUT_ChangeBuffer             0x08000290   Section        0  bsp_audio.o(i.BSP_AUDIO_OUT_ChangeBuffer)
    i.BSP_AUDIO_OUT_Init                     0x080002a0   Section        0  bsp_audio.o(i.BSP_AUDIO_OUT_Init)
    i.BSP_AUDIO_OUT_Play                     0x08000310   Section        0  bsp_audio.o(i.BSP_AUDIO_OUT_Play)
    i.BSP_AUDIO_OUT_SetMute                  0x08000334   Section        0  bsp_audio.o(i.BSP_AUDIO_OUT_SetMute)
    i.BSP_AUDIO_OUT_SetVolume                0x08000338   Section        0  bsp_audio.o(i.BSP_AUDIO_OUT_SetVolume)
    i.BSP_AUDIO_OUT_Stop                     0x0800033c   Section        0  bsp_audio.o(i.BSP_AUDIO_OUT_Stop)
    i.BusFault_Handler                       0x08000360   Section        0  stm32f4xx_it.o(i.BusFault_Handler)
    i.DMA1_Stream5_IRQHandler                0x08000364   Section        0  stm32f4xx_it.o(i.DMA1_Stream5_IRQHandler)
    i.DMA_CalcBaseAndBitshift                0x08000370   Section        0  stm32f4xx_hal_dma.o(i.DMA_CalcBaseAndBitshift)
    DMA_CalcBaseAndBitshift                  0x08000371   Thumb Code    34  stm32f4xx_hal_dma.o(i.DMA_CalcBaseAndBitshift)
    i.DMA_CheckFifoParam                     0x08000398   Section        0  stm32f4xx_hal_dma.o(i.DMA_CheckFifoParam)
    DMA_CheckFifoParam                       0x08000399   Thumb Code    84  stm32f4xx_hal_dma.o(i.DMA_CheckFifoParam)
    i.DMA_SetConfig                          0x080003ec   Section        0  stm32f4xx_hal_dma.o(i.DMA_SetConfig)
    DMA_SetConfig                            0x080003ed   Thumb Code    40  stm32f4xx_hal_dma.o(i.DMA_SetConfig)
    i.DebugMon_Handler                       0x08000414   Section        0  stm32f4xx_it.o(i.DebugMon_Handler)
    i.FSMC_NORSRAM_Extended_Timing_Init      0x08000418   Section        0  stm32f4xx_ll_fsmc.o(i.FSMC_NORSRAM_Extended_Timing_Init)
    i.FSMC_NORSRAM_Init                      0x08000458   Section        0  stm32f4xx_ll_fsmc.o(i.FSMC_NORSRAM_Init)
    i.FSMC_NORSRAM_Timing_Init               0x080004ac   Section        0  stm32f4xx_ll_fsmc.o(i.FSMC_NORSRAM_Timing_Init)
    i.HAL_DMA_Abort                          0x080004f0   Section        0  stm32f4xx_hal_dma.o(i.HAL_DMA_Abort)
    i.HAL_DMA_IRQHandler                     0x08000580   Section        0  stm32f4xx_hal_dma.o(i.HAL_DMA_IRQHandler)
    i.HAL_DMA_Init                           0x08000728   Section        0  stm32f4xx_hal_dma.o(i.HAL_DMA_Init)
    i.HAL_DMA_Start_IT                       0x080007fc   Section        0  stm32f4xx_hal_dma.o(i.HAL_DMA_Start_IT)
    i.HAL_Delay                              0x08000874   Section        0  stm32f4xx_hal.o(i.HAL_Delay)
    i.HAL_FSMC_MspInit                       0x08000890   Section        0  stm32f4xx_hal_msp.o(i.HAL_FSMC_MspInit)
    HAL_FSMC_MspInit                         0x08000891   Thumb Code   132  stm32f4xx_hal_msp.o(i.HAL_FSMC_MspInit)
    i.HAL_GPIO_Init                          0x0800092c   Section        0  stm32f4xx_hal_gpio.o(i.HAL_GPIO_Init)
    i.HAL_GPIO_WritePin                      0x08000adc   Section        0  stm32f4xx_hal_gpio.o(i.HAL_GPIO_WritePin)
    i.HAL_GetTick                            0x08000ae8   Section        0  stm32f4xx_hal.o(i.HAL_GetTick)
    i.HAL_I2SEx_FullDuplex_IRQHandler        0x08000af4   Section        0  stm32f4xx_hal_i2s_ex.o(i.HAL_I2SEx_FullDuplex_IRQHandler)
    i.HAL_I2SEx_TxRxCpltCallback             0x08000cd8   Section        0  stm32f4xx_hal_i2s_ex.o(i.HAL_I2SEx_TxRxCpltCallback)
    i.HAL_I2S_DMAStop                        0x08000cdc   Section        0  stm32f4xx_hal_i2s.o(i.HAL_I2S_DMAStop)
    i.HAL_I2S_ErrorCallback                  0x08000da8   Section        0  bsp_audio.o(i.HAL_I2S_ErrorCallback)
    i.HAL_I2S_GetState                       0x08000daa   Section        0  stm32f4xx_hal_i2s.o(i.HAL_I2S_GetState)
    i.HAL_I2S_Init                           0x08000db0   Section        0  stm32f4xx_hal_i2s.o(i.HAL_I2S_Init)
    i.HAL_I2S_MspInit                        0x08000f30   Section        0  stm32f4xx_hal_msp.o(i.HAL_I2S_MspInit)
    i.HAL_I2S_RxCpltCallback                 0x08001000   Section        0  stm32f4xx_hal_i2s.o(i.HAL_I2S_RxCpltCallback)
    i.HAL_I2S_Transmit_DMA                   0x08001004   Section        0  stm32f4xx_hal_i2s.o(i.HAL_I2S_Transmit_DMA)
    i.HAL_I2S_TxCpltCallback                 0x080010ac   Section        0  bsp_audio.o(i.HAL_I2S_TxCpltCallback)
    i.HAL_I2S_TxHalfCpltCallback             0x080010b0   Section        0  bsp_audio.o(i.HAL_I2S_TxHalfCpltCallback)
    i.HAL_IncTick                            0x080010b4   Section        0  stm32f4xx_hal.o(i.HAL_IncTick)
    i.HAL_Init                               0x080010c4   Section        0  stm32f4xx_hal.o(i.HAL_Init)
    i.HAL_InitTick                           0x080010f8   Section        0  stm32f4xx_hal.o(i.HAL_InitTick)
    i.HAL_MspInit                            0x08001120   Section        0  stm32f4xx_hal_msp.o(i.HAL_MspInit)
    i.HAL_NVIC_EnableIRQ                     0x08001178   Section        0  stm32f4xx_hal_cortex.o(i.HAL_NVIC_EnableIRQ)
    i.HAL_NVIC_SetPriority                   0x08001190   Section        0  stm32f4xx_hal_cortex.o(i.HAL_NVIC_SetPriority)
    i.HAL_NVIC_SetPriorityGrouping           0x080011d0   Section        0  stm32f4xx_hal_cortex.o(i.HAL_NVIC_SetPriorityGrouping)
    i.HAL_PCDEx_SetRxFiFo                    0x080011f4   Section        0  stm32f4xx_hal_pcd_ex.o(i.HAL_PCDEx_SetRxFiFo)
    i.HAL_PCDEx_SetTxFiFo                    0x080011fc   Section        0  stm32f4xx_hal_pcd_ex.o(i.HAL_PCDEx_SetTxFiFo)
    i.HAL_PCD_ConnectCallback                0x08001240   Section        0  usbd_conf.o(i.HAL_PCD_ConnectCallback)
    i.HAL_PCD_DataInStageCallback            0x08001248   Section        0  usbd_conf.o(i.HAL_PCD_DataInStageCallback)
    i.HAL_PCD_DataOutStageCallback           0x0800125a   Section        0  usbd_conf.o(i.HAL_PCD_DataOutStageCallback)
    i.HAL_PCD_DisconnectCallback             0x0800126e   Section        0  usbd_conf.o(i.HAL_PCD_DisconnectCallback)
    i.HAL_PCD_EP_Close                       0x08001276   Section        0  stm32f4xx_hal_pcd.o(i.HAL_PCD_EP_Close)
    i.HAL_PCD_EP_ClrStall                    0x080012ba   Section        0  stm32f4xx_hal_pcd.o(i.HAL_PCD_EP_ClrStall)
    i.HAL_PCD_EP_Open                        0x0800130a   Section        0  stm32f4xx_hal_pcd.o(i.HAL_PCD_EP_Open)
    i.HAL_PCD_EP_Receive                     0x0800135e   Section        0  stm32f4xx_hal_pcd.o(i.HAL_PCD_EP_Receive)
    i.HAL_PCD_EP_SetStall                    0x080013a6   Section        0  stm32f4xx_hal_pcd.o(i.HAL_PCD_EP_SetStall)
    i.HAL_PCD_EP_Transmit                    0x08001406   Section        0  stm32f4xx_hal_pcd.o(i.HAL_PCD_EP_Transmit)
    i.HAL_PCD_IRQHandler                     0x08001448   Section        0  stm32f4xx_hal_pcd.o(i.HAL_PCD_IRQHandler)
    i.HAL_PCD_ISOINIncompleteCallback        0x0800193c   Section        0  usbd_conf.o(i.HAL_PCD_ISOINIncompleteCallback)
    i.HAL_PCD_ISOOUTIncompleteCallback       0x08001944   Section        0  usbd_conf.o(i.HAL_PCD_ISOOUTIncompleteCallback)
    i.HAL_PCD_Init                           0x0800194c   Section        0  stm32f4xx_hal_pcd.o(i.HAL_PCD_Init)
    i.HAL_PCD_MspInit                        0x08001a0c   Section        0  usbd_conf.o(i.HAL_PCD_MspInit)
    i.HAL_PCD_ResetCallback                  0x08001a70   Section        0  usbd_conf.o(i.HAL_PCD_ResetCallback)
    i.HAL_PCD_ResumeCallback                 0x08001a90   Section        0  usbd_conf.o(i.HAL_PCD_ResumeCallback)
    i.HAL_PCD_SOFCallback                    0x08001a98   Section        0  usbd_conf.o(i.HAL_PCD_SOFCallback)
    i.HAL_PCD_SetAddress                     0x08001aa0   Section        0  stm32f4xx_hal_pcd.o(i.HAL_PCD_SetAddress)
    i.HAL_PCD_SetupStageCallback             0x08001ac4   Section        0  usbd_conf.o(i.HAL_PCD_SetupStageCallback)
    i.HAL_PCD_Start                          0x08001ad2   Section        0  stm32f4xx_hal_pcd.o(i.HAL_PCD_Start)
    i.HAL_PCD_SuspendCallback                0x08001afc   Section        0  usbd_conf.o(i.HAL_PCD_SuspendCallback)
    i.HAL_RCCEx_GetPeriphCLKConfig           0x08001b2c   Section        0  stm32f4xx_hal_rcc_ex.o(i.HAL_RCCEx_GetPeriphCLKConfig)
    i.HAL_RCCEx_GetPeriphCLKFreq             0x08001b7c   Section        0  stm32f4xx_hal_rcc_ex.o(i.HAL_RCCEx_GetPeriphCLKFreq)
    i.HAL_RCCEx_PeriphCLKConfig              0x08001bd8   Section        0  stm32f4xx_hal_rcc_ex.o(i.HAL_RCCEx_PeriphCLKConfig)
    i.HAL_RCC_CSSCallback                    0x08001d2c   Section        0  stm32f4xx_hal_rcc.o(i.HAL_RCC_CSSCallback)
    i.HAL_RCC_ClockConfig                    0x08001d30   Section        0  stm32f4xx_hal_rcc.o(i.HAL_RCC_ClockConfig)
    i.HAL_RCC_EnableCSS                      0x08001eac   Section        0  stm32f4xx_hal_rcc.o(i.HAL_RCC_EnableCSS)
    i.HAL_RCC_GetHCLKFreq                    0x08001eb8   Section        0  stm32f4xx_hal_rcc.o(i.HAL_RCC_GetHCLKFreq)
    i.HAL_RCC_GetSysClockFreq                0x08001ec4   Section        0  stm32f4xx_hal_rcc.o(i.HAL_RCC_GetSysClockFreq)
    i.HAL_RCC_NMI_IRQHandler                 0x08001f38   Section        0  stm32f4xx_hal_rcc.o(i.HAL_RCC_NMI_IRQHandler)
    i.HAL_RCC_OscConfig                      0x08001f54   Section        0  stm32f4xx_hal_rcc.o(i.HAL_RCC_OscConfig)
    i.HAL_SRAM_Init                          0x08002268   Section        0  stm32f4xx_hal_sram.o(i.HAL_SRAM_Init)
    i.HAL_SRAM_MspInit                       0x080022be   Section        0  stm32f4xx_hal_msp.o(i.HAL_SRAM_MspInit)
    i.HAL_SYSTICK_CLKSourceConfig            0x080022c2   Section        0  stm32f4xx_hal_cortex.o(i.HAL_SYSTICK_CLKSourceConfig)
    i.HAL_SYSTICK_Callback                   0x080022da   Section        0  stm32f4xx_hal_cortex.o(i.HAL_SYSTICK_Callback)
    i.HAL_SYSTICK_Config                     0x080022dc   Section        0  stm32f4xx_hal_cortex.o(i.HAL_SYSTICK_Config)
    i.HAL_SYSTICK_IRQHandler                 0x08002304   Section        0  stm32f4xx_hal_cortex.o(i.HAL_SYSTICK_IRQHandler)
    i.HalfTransfer_CallBack_FS               0x0800230c   Section        0  usbd_audio_if.o(i.HalfTransfer_CallBack_FS)
    i.HardFault_Handler                      0x08002318   Section        0  stm32f4xx_it.o(i.HardFault_Handler)
    i.I2SEx_FullDuplexRx_IT                  0x0800231c   Section        0  stm32f4xx_hal_i2s_ex.o(i.I2SEx_FullDuplexRx_IT)
    I2SEx_FullDuplexRx_IT                    0x0800231d   Thumb Code   128  stm32f4xx_hal_i2s_ex.o(i.I2SEx_FullDuplexRx_IT)
    i.I2SEx_FullDuplexTx_IT                  0x080023a4   Section        0  stm32f4xx_hal_i2s_ex.o(i.I2SEx_FullDuplexTx_IT)
    I2SEx_FullDuplexTx_IT                    0x080023a5   Thumb Code   122  stm32f4xx_hal_i2s_ex.o(i.I2SEx_FullDuplexTx_IT)
    i.I2S_DMAError                           0x08002428   Section        0  stm32f4xx_hal_i2s.o(i.I2S_DMAError)
    I2S_DMAError                             0x08002429   Thumb Code    40  stm32f4xx_hal_i2s.o(i.I2S_DMAError)
    i.I2S_DMATxCplt                          0x08002450   Section        0  stm32f4xx_hal_i2s.o(i.I2S_DMATxCplt)
    I2S_DMATxCplt                            0x08002451   Thumb Code    40  stm32f4xx_hal_i2s.o(i.I2S_DMATxCplt)
    i.I2S_DMATxHalfCplt                      0x08002478   Section        0  stm32f4xx_hal_i2s.o(i.I2S_DMATxHalfCplt)
    I2S_DMATxHalfCplt                        0x08002479   Thumb Code    10  stm32f4xx_hal_i2s.o(i.I2S_DMATxHalfCplt)
    i.I2S_IRQHandler                         0x08002482   Section        0  stm32f4xx_hal_i2s.o(i.I2S_IRQHandler)
    I2S_IRQHandler                           0x08002483   Thumb Code   240  stm32f4xx_hal_i2s.o(i.I2S_IRQHandler)
    i.I2Sx_Init                              0x08002574   Section        0  bsp_audio.o(i.I2Sx_Init)
    I2Sx_Init                                0x08002575   Thumb Code    58  bsp_audio.o(i.I2Sx_Init)
    i.MX_FSMC_Init                           0x080025b8   Section        0  main.o(i.MX_FSMC_Init)
    MX_FSMC_Init                             0x080025b9   Thumb Code    92  main.o(i.MX_FSMC_Init)
    i.MX_GPIO_Init                           0x0800261c   Section        0  main.o(i.MX_GPIO_Init)
    MX_GPIO_Init                             0x0800261d   Thumb Code   494  main.o(i.MX_GPIO_Init)
    i.MX_I2S3_Init                           0x0800282c   Section        0  main.o(i.MX_I2S3_Init)
    MX_I2S3_Init                             0x0800282d   Thumb Code    44  main.o(i.MX_I2S3_Init)
    i.MX_USB_DEVICE_Init                     0x08002860   Section        0  usb_device.o(i.MX_USB_DEVICE_Init)
    i.MemManage_Handler                      0x08002898   Section        0  stm32f4xx_it.o(i.MemManage_Handler)
    i.NMI_Handler                            0x0800289a   Section        0  stm32f4xx_it.o(i.NMI_Handler)
    i.NVIC_SetPriority                       0x0800289e   Section        0  stm32f4xx_hal_cortex.o(i.NVIC_SetPriority)
    NVIC_SetPriority                         0x0800289f   Thumb Code    32  stm32f4xx_hal_cortex.o(i.NVIC_SetPriority)
    i.OTG_FS_IRQHandler                      0x080028c0   Section        0  stm32f4xx_it.o(i.OTG_FS_IRQHandler)
    i.PCD_WriteEmptyTxFifo                   0x080028cc   Section        0  stm32f4xx_hal_pcd.o(i.PCD_WriteEmptyTxFifo)
    PCD_WriteEmptyTxFifo                     0x080028cd   Thumb Code   136  stm32f4xx_hal_pcd.o(i.PCD_WriteEmptyTxFifo)
    i.PendSV_Handler                         0x08002954   Section        0  stm32f4xx_it.o(i.PendSV_Handler)
    i.SVC_Handler                            0x08002956   Section        0  stm32f4xx_it.o(i.SVC_Handler)
    i.SysTick_Handler                        0x08002958   Section        0  stm32f4xx_it.o(i.SysTick_Handler)
    i.SystemClock_Config                     0x08002968   Section        0  main.o(i.SystemClock_Config)
    i.SystemInit                             0x08002a20   Section        0  system_stm32f4xx.o(i.SystemInit)
    i.TransferComplete_CallBack_FS           0x08002a74   Section        0  usbd_audio_if.o(i.TransferComplete_CallBack_FS)
    i.USBD_AUDIO_DataIn                      0x08002a80   Section        0  usbd_audio.o(i.USBD_AUDIO_DataIn)
    USBD_AUDIO_DataIn                        0x08002a81   Thumb Code     4  usbd_audio.o(i.USBD_AUDIO_DataIn)
    i.USBD_AUDIO_DataOut                     0x08002a84   Section        0  usbd_audio.o(i.USBD_AUDIO_DataOut)
    USBD_AUDIO_DataOut                       0x08002a85   Thumb Code   116  usbd_audio.o(i.USBD_AUDIO_DataOut)
    i.USBD_AUDIO_DeInit                      0x08002af8   Section        0  usbd_audio.o(i.USBD_AUDIO_DeInit)
    USBD_AUDIO_DeInit                        0x08002af9   Thumb Code    44  usbd_audio.o(i.USBD_AUDIO_DeInit)
    i.USBD_AUDIO_EP0_RxReady                 0x08002b24   Section        0  usbd_audio.o(i.USBD_AUDIO_EP0_RxReady)
    USBD_AUDIO_EP0_RxReady                   0x08002b25   Thumb Code    54  usbd_audio.o(i.USBD_AUDIO_EP0_RxReady)
    i.USBD_AUDIO_EP0_TxReady                 0x08002b5a   Section        0  usbd_audio.o(i.USBD_AUDIO_EP0_TxReady)
    USBD_AUDIO_EP0_TxReady                   0x08002b5b   Thumb Code     4  usbd_audio.o(i.USBD_AUDIO_EP0_TxReady)
    i.USBD_AUDIO_GetCfgDesc                  0x08002b60   Section        0  usbd_audio.o(i.USBD_AUDIO_GetCfgDesc)
    USBD_AUDIO_GetCfgDesc                    0x08002b61   Thumb Code     8  usbd_audio.o(i.USBD_AUDIO_GetCfgDesc)
    i.USBD_AUDIO_GetDeviceQualifierDesc      0x08002b6c   Section        0  usbd_audio.o(i.USBD_AUDIO_GetDeviceQualifierDesc)
    USBD_AUDIO_GetDeviceQualifierDesc        0x08002b6d   Thumb Code     8  usbd_audio.o(i.USBD_AUDIO_GetDeviceQualifierDesc)
    i.USBD_AUDIO_Init                        0x08002b78   Section        0  usbd_audio.o(i.USBD_AUDIO_Init)
    USBD_AUDIO_Init                          0x08002b79   Thumb Code    94  usbd_audio.o(i.USBD_AUDIO_Init)
    i.USBD_AUDIO_IsoINIncomplete             0x08002bd6   Section        0  usbd_audio.o(i.USBD_AUDIO_IsoINIncomplete)
    USBD_AUDIO_IsoINIncomplete               0x08002bd7   Thumb Code     4  usbd_audio.o(i.USBD_AUDIO_IsoINIncomplete)
    i.USBD_AUDIO_IsoOutIncomplete            0x08002bda   Section        0  usbd_audio.o(i.USBD_AUDIO_IsoOutIncomplete)
    USBD_AUDIO_IsoOutIncomplete              0x08002bdb   Thumb Code     4  usbd_audio.o(i.USBD_AUDIO_IsoOutIncomplete)
    i.USBD_AUDIO_RegisterInterface           0x08002bde   Section        0  usbd_audio.o(i.USBD_AUDIO_RegisterInterface)
    i.USBD_AUDIO_SOF                         0x08002be8   Section        0  usbd_audio.o(i.USBD_AUDIO_SOF)
    USBD_AUDIO_SOF                           0x08002be9   Thumb Code     4  usbd_audio.o(i.USBD_AUDIO_SOF)
    i.USBD_AUDIO_Setup                       0x08002bec   Section        0  usbd_audio.o(i.USBD_AUDIO_Setup)
    USBD_AUDIO_Setup                         0x08002bed   Thumb Code   184  usbd_audio.o(i.USBD_AUDIO_Setup)
    i.USBD_AUDIO_Sync                        0x08002ca8   Section        0  usbd_audio.o(i.USBD_AUDIO_Sync)
    i.USBD_ClrClassConfig                    0x08002d2e   Section        0  usbd_core.o(i.USBD_ClrClassConfig)
    i.USBD_CtlContinueRx                     0x08002d3c   Section        0  usbd_ioreq.o(i.USBD_CtlContinueRx)
    i.USBD_CtlContinueSendData               0x08002d4c   Section        0  usbd_ioreq.o(i.USBD_CtlContinueSendData)
    i.USBD_CtlError                          0x08002d5c   Section        0  usbd_ctlreq.o(i.USBD_CtlError)
    i.USBD_CtlPrepareRx                      0x08002d72   Section        0  usbd_ioreq.o(i.USBD_CtlPrepareRx)
    i.USBD_CtlReceiveStatus                  0x08002d90   Section        0  usbd_ioreq.o(i.USBD_CtlReceiveStatus)
    i.USBD_CtlSendData                       0x08002da6   Section        0  usbd_ioreq.o(i.USBD_CtlSendData)
    i.USBD_CtlSendStatus                     0x08002dc0   Section        0  usbd_ioreq.o(i.USBD_CtlSendStatus)
    i.USBD_FS_ConfigStrDescriptor            0x08002dd8   Section        0  usbd_desc.o(i.USBD_FS_ConfigStrDescriptor)
    i.USBD_FS_DeviceDescriptor               0x08002dfc   Section        0  usbd_desc.o(i.USBD_FS_DeviceDescriptor)
    i.USBD_FS_InterfaceStrDescriptor         0x08002e08   Section        0  usbd_desc.o(i.USBD_FS_InterfaceStrDescriptor)
    i.USBD_FS_LangIDStrDescriptor            0x08002e2c   Section        0  usbd_desc.o(i.USBD_FS_LangIDStrDescriptor)
    i.USBD_FS_ManufacturerStrDescriptor      0x08002e38   Section        0  usbd_desc.o(i.USBD_FS_ManufacturerStrDescriptor)
    i.USBD_FS_ProductStrDescriptor           0x08002e60   Section        0  usbd_desc.o(i.USBD_FS_ProductStrDescriptor)
    i.USBD_FS_SerialStrDescriptor            0x08002e88   Section        0  usbd_desc.o(i.USBD_FS_SerialStrDescriptor)
    i.USBD_GetDescriptor                     0x08002eac   Section        0  usbd_ctlreq.o(i.USBD_GetDescriptor)
    USBD_GetDescriptor                       0x08002ead   Thumb Code   224  usbd_ctlreq.o(i.USBD_GetDescriptor)
    i.USBD_GetString                         0x08002f8c   Section        0  usbd_ctlreq.o(i.USBD_GetString)
    i.USBD_Init                              0x08002fd2   Section        0  usbd_core.o(i.USBD_Init)
    i.USBD_LL_ClearStallEP                   0x08002ffc   Section        0  usbd_conf.o(i.USBD_LL_ClearStallEP)
    i.USBD_LL_CloseEP                        0x0800301c   Section        0  usbd_conf.o(i.USBD_LL_CloseEP)
    i.USBD_LL_DataInStage                    0x0800303c   Section        0  usbd_core.o(i.USBD_LL_DataInStage)
    i.USBD_LL_DataOutStage                   0x080030e6   Section        0  usbd_core.o(i.USBD_LL_DataOutStage)
    i.USBD_LL_DevConnected                   0x08003150   Section        0  usbd_core.o(i.USBD_LL_DevConnected)
    i.USBD_LL_DevDisconnected                0x08003154   Section        0  usbd_core.o(i.USBD_LL_DevDisconnected)
    i.USBD_LL_Init                           0x0800316c   Section        0  usbd_conf.o(i.USBD_LL_Init)
    i.USBD_LL_IsStallEP                      0x080031e8   Section        0  usbd_conf.o(i.USBD_LL_IsStallEP)
    i.USBD_LL_IsoINIncomplete                0x08003208   Section        0  usbd_core.o(i.USBD_LL_IsoINIncomplete)
    i.USBD_LL_IsoOUTIncomplete               0x0800320c   Section        0  usbd_core.o(i.USBD_LL_IsoOUTIncomplete)
    i.USBD_LL_OpenEP                         0x08003210   Section        0  usbd_conf.o(i.USBD_LL_OpenEP)
    i.USBD_LL_PrepareReceive                 0x08003236   Section        0  usbd_conf.o(i.USBD_LL_PrepareReceive)
    i.USBD_LL_Reset                          0x08003256   Section        0  usbd_core.o(i.USBD_LL_Reset)
    i.USBD_LL_Resume                         0x08003294   Section        0  usbd_core.o(i.USBD_LL_Resume)
    i.USBD_LL_SOF                            0x080032a0   Section        0  usbd_core.o(i.USBD_LL_SOF)
    i.USBD_LL_SetSpeed                       0x080032b8   Section        0  usbd_core.o(i.USBD_LL_SetSpeed)
    i.USBD_LL_SetUSBAddress                  0x080032be   Section        0  usbd_conf.o(i.USBD_LL_SetUSBAddress)
    i.USBD_LL_SetupStage                     0x080032de   Section        0  usbd_core.o(i.USBD_LL_SetupStage)
    i.USBD_LL_StallEP                        0x08003338   Section        0  usbd_conf.o(i.USBD_LL_StallEP)
    i.USBD_LL_Start                          0x08003358   Section        0  usbd_conf.o(i.USBD_LL_Start)
    i.USBD_LL_Suspend                        0x08003378   Section        0  usbd_core.o(i.USBD_LL_Suspend)
    i.USBD_LL_Transmit                       0x0800338a   Section        0  usbd_conf.o(i.USBD_LL_Transmit)
    i.USBD_ParseSetupRequest                 0x080033aa   Section        0  usbd_ctlreq.o(i.USBD_ParseSetupRequest)
    i.USBD_RegisterClass                     0x080033d2   Section        0  usbd_core.o(i.USBD_RegisterClass)
    i.USBD_SetClassConfig                    0x080033e2   Section        0  usbd_core.o(i.USBD_SetClassConfig)
    i.USBD_SetConfig                         0x080033f8   Section        0  usbd_ctlreq.o(i.USBD_SetConfig)
    USBD_SetConfig                           0x080033f9   Thumb Code   110  usbd_ctlreq.o(i.USBD_SetConfig)
    i.USBD_Start                             0x0800346c   Section        0  usbd_core.o(i.USBD_Start)
    i.USBD_StdDevReq                         0x08003476   Section        0  usbd_ctlreq.o(i.USBD_StdDevReq)
    i.USBD_StdEPReq                          0x08003568   Section        0  usbd_ctlreq.o(i.USBD_StdEPReq)
    i.USBD_StdItfReq                         0x08003644   Section        0  usbd_ctlreq.o(i.USBD_StdItfReq)
    i.USB_ActivateEndpoint                   0x08003678   Section        0  stm32f4xx_ll_usb.o(i.USB_ActivateEndpoint)
    i.USB_ActivateSetup                      0x080036f8   Section        0  stm32f4xx_ll_usb.o(i.USB_ActivateSetup)
    i.USB_CoreInit                           0x0800372c   Section        0  stm32f4xx_ll_usb.o(i.USB_CoreInit)
    i.USB_CoreReset                          0x08003798   Section        0  stm32f4xx_ll_usb.o(i.USB_CoreReset)
    USB_CoreReset                            0x08003799   Thumb Code    50  stm32f4xx_ll_usb.o(i.USB_CoreReset)
    i.USB_DeactivateEndpoint                 0x080037d0   Section        0  stm32f4xx_ll_usb.o(i.USB_DeactivateEndpoint)
    i.USB_DevConnect                         0x08003898   Section        0  stm32f4xx_ll_usb.o(i.USB_DevConnect)
    i.USB_DevDisconnect                      0x080038b0   Section        0  stm32f4xx_ll_usb.o(i.USB_DevDisconnect)
    i.USB_DevInit                            0x080038c8   Section        0  stm32f4xx_ll_usb.o(i.USB_DevInit)
    i.USB_DisableGlobalInt                   0x08003a08   Section        0  stm32f4xx_ll_usb.o(i.USB_DisableGlobalInt)
    i.USB_EP0StartXfer                       0x08003a14   Section        0  stm32f4xx_ll_usb.o(i.USB_EP0StartXfer)
    i.USB_EP0_OutStart                       0x08003b54   Section        0  stm32f4xx_ll_usb.o(i.USB_EP0_OutStart)
    i.USB_EPClearStall                       0x08003b92   Section        0  stm32f4xx_ll_usb.o(i.USB_EPClearStall)
    i.USB_EPSetStall                         0x08003bf6   Section        0  stm32f4xx_ll_usb.o(i.USB_EPSetStall)
    i.USB_EPStartXfer                        0x08003c54   Section        0  stm32f4xx_ll_usb.o(i.USB_EPStartXfer)
    i.USB_EnableGlobalInt                    0x08003e70   Section        0  stm32f4xx_ll_usb.o(i.USB_EnableGlobalInt)
    i.USB_FlushRxFifo                        0x08003e7c   Section        0  stm32f4xx_ll_usb.o(i.USB_FlushRxFifo)
    i.USB_FlushTxFifo                        0x08003e9c   Section        0  stm32f4xx_ll_usb.o(i.USB_FlushTxFifo)
    i.USB_GetDevSpeed                        0x08003ec0   Section        0  stm32f4xx_ll_usb.o(i.USB_GetDevSpeed)
    i.USB_GetMode                            0x08003efc   Section        0  stm32f4xx_ll_usb.o(i.USB_GetMode)
    i.USB_ReadDevAllInEpInterrupt            0x08003f04   Section        0  stm32f4xx_ll_usb.o(i.USB_ReadDevAllInEpInterrupt)
    i.USB_ReadDevAllOutEpInterrupt           0x08003f12   Section        0  stm32f4xx_ll_usb.o(i.USB_ReadDevAllOutEpInterrupt)
    i.USB_ReadDevInEPInterrupt               0x08003f20   Section        0  stm32f4xx_ll_usb.o(i.USB_ReadDevInEPInterrupt)
    i.USB_ReadDevOutEPInterrupt              0x08003f3e   Section        0  stm32f4xx_ll_usb.o(i.USB_ReadDevOutEPInterrupt)
    i.USB_ReadInterrupts                     0x08003f4e   Section        0  stm32f4xx_ll_usb.o(i.USB_ReadInterrupts)
    i.USB_ReadPacket                         0x08003f56   Section        0  stm32f4xx_ll_usb.o(i.USB_ReadPacket)
    i.USB_SetCurrentMode                     0x08003f76   Section        0  stm32f4xx_ll_usb.o(i.USB_SetCurrentMode)
    i.USB_SetDevAddress                      0x08003fa2   Section        0  stm32f4xx_ll_usb.o(i.USB_SetDevAddress)
    i.USB_WritePacket                        0x08003fc4   Section        0  stm32f4xx_ll_usb.o(i.USB_WritePacket)
    i.UsageFault_Handler                     0x08003fec   Section        0  stm32f4xx_it.o(i.UsageFault_Handler)
    i._Error_Handler                         0x08003fee   Section        0  main.o(i._Error_Handler)
    i.__scatterload_copy                     0x08003ff0   Section       14  handlers.o(i.__scatterload_copy)
    i.__scatterload_null                     0x08003ffe   Section        2  handlers.o(i.__scatterload_null)
    i.__scatterload_zeroinit                 0x08004000   Section       14  handlers.o(i.__scatterload_zeroinit)
    i.free                                   0x08004010   Section        0  malloc.o(i.free)
    i.main                                   0x08004060   Section        0  main.o(i.main)
    i.malloc                                 0x080040a4   Section        0  malloc.o(i.malloc)
    .constdata                               0x08004110   Section       16  system_stm32f4xx.o(.constdata)
    .constdata                               0x08004120   Section        8  stm32f4xx_hal_dma.o(.constdata)
    flagBitshiftOffset                       0x08004120   Data           8  stm32f4xx_hal_dma.o(.constdata)
    .constdata                               0x08004128   Section       96  bsp_audio.o(.constdata)
    .data                                    0x20000000   Section        1  usbd_ctlreq.o(.data)
    cfgidx                                   0x20000000   Data           1  usbd_ctlreq.o(.data)
    .data                                    0x20000004   Section       56  usbd_audio.o(.data)
    .data                                    0x2000003c   Section      122  usbd_audio.o(.data)
    USBD_AUDIO_CfgDesc                       0x2000003c   Data         109  usbd_audio.o(.data)
    USBD_AUDIO_DeviceQualifierDesc           0x200000ac   Data          10  usbd_audio.o(.data)
    .data                                    0x200000b8   Section        4  system_stm32f4xx.o(.data)
    .data                                    0x200000bc   Section        8  stm32f4xx_hal_msp.o(.data)
    FSMC_Initialized                         0x200000bc   Data           4  stm32f4xx_hal_msp.o(.data)
    FSMC_DeInitialized                       0x200000c0   Data           4  stm32f4xx_hal_msp.o(.data)
    .data                                    0x200000c4   Section       28  usbd_desc.o(.data)
    .data                                    0x200000e0   Section       22  usbd_desc.o(.data)
    .data                                    0x200000f8   Section       28  usbd_audio_if.o(.data)
    .data                                    0x20000114   Section        4  stm32f4xx_hal.o(.data)
    .data                                    0x20000118   Section        4  mvars.o(.data)
    .data                                    0x2000011c   Section        4  mvars.o(.data)
    .bss                                     0x20000120   Section      548  usb_device.o(.bss)
    .bss                                     0x20000344   Section      512  usbd_desc.o(.bss)
    .bss                                     0x20000544   Section      152  main.o(.bss)
    .bss                                     0x200005dc   Section       96  main.o(.bss)
    .bss                                     0x2000063c   Section     1008  usbd_conf.o(.bss)
    HEAP                                     0x20000a30   Section    16384  startup_stm32f407xx.o(HEAP)
    STACK                                    0x20004a30   Section     4096  startup_stm32f407xx.o(STACK)

    Global Symbols

    Symbol Name                              Value     Ov Type        Size  Object(Section)

    BuildAttributes$$THM_ISAv4$E$P$D$K$B$S$7EM$VFPi3$EXTD16$VFPS$VFMA$PE$A:L22UL41UL21$X:L11$S22US41US21$IEEE1$IW$USESV6$~STKCKD$USESV7$~SHL$OSPACE$EBA8$MICROLIB$REQ8$PRES8$EABIv2 0x00000000   Number         0  anon$$obj.o ABSOLUTE
    __ARM_use_no_argv                        0x00000000   Number         0  main.o ABSOLUTE
    __cpp_initialize__aeabi_                  - Undefined Weak Reference
    __cxa_finalize                            - Undefined Weak Reference
    __decompress                              - Undefined Weak Reference
    _clock_init                               - Undefined Weak Reference
    _microlib_exit                            - Undefined Weak Reference
    __Vectors_Size                           0x00000188   Number         0  startup_stm32f407xx.o ABSOLUTE
    __Vectors                                0x08000000   Data           4  startup_stm32f407xx.o(RESET)
    __Vectors_End                            0x08000188   Data           0  startup_stm32f407xx.o(RESET)
    __main                                   0x08000189   Thumb Code     0  entry.o(.ARM.Collect$$$$00000000)
    _main_stk                                0x08000189   Thumb Code     0  entry2.o(.ARM.Collect$$$$00000001)
    _main_scatterload                        0x0800018d   Thumb Code     0  entry5.o(.ARM.Collect$$$$00000004)
    __main_after_scatterload                 0x08000191   Thumb Code     0  entry5.o(.ARM.Collect$$$$00000004)
    _main_clock                              0x08000191   Thumb Code     0  entry7b.o(.ARM.Collect$$$$00000008)
    _main_cpp_init                           0x08000191   Thumb Code     0  entry8b.o(.ARM.Collect$$$$0000000A)
    _main_init                               0x08000191   Thumb Code     0  entry9a.o(.ARM.Collect$$$$0000000B)
    __rt_final_cpp                           0x08000199   Thumb Code     0  entry10a.o(.ARM.Collect$$$$0000000D)
    __rt_final_exit                          0x08000199   Thumb Code     0  entry11a.o(.ARM.Collect$$$$0000000F)
    Reset_Handler                            0x0800019d   Thumb Code     8  startup_stm32f407xx.o(.text)
    ADC_IRQHandler                           0x080001b7   Thumb Code     0  startup_stm32f407xx.o(.text)
    CAN1_RX0_IRQHandler                      0x080001b7   Thumb Code     0  startup_stm32f407xx.o(.text)
    CAN1_RX1_IRQHandler                      0x080001b7   Thumb Code     0  startup_stm32f407xx.o(.text)
    CAN1_SCE_IRQHandler                      0x080001b7   Thumb Code     0  startup_stm32f407xx.o(.text)
    CAN1_TX_IRQHandler                       0x080001b7   Thumb Code     0  startup_stm32f407xx.o(.text)
    CAN2_RX0_IRQHandler                      0x080001b7   Thumb Code     0  startup_stm32f407xx.o(.text)
    CAN2_RX1_IRQHandler                      0x080001b7   Thumb Code     0  startup_stm32f407xx.o(.text)
    CAN2_SCE_IRQHandler                      0x080001b7   Thumb Code     0  startup_stm32f407xx.o(.text)
    CAN2_TX_IRQHandler                       0x080001b7   Thumb Code     0  startup_stm32f407xx.o(.text)
    DCMI_IRQHandler                          0x080001b7   Thumb Code     0  startup_stm32f407xx.o(.text)
    DMA1_Stream0_IRQHandler                  0x080001b7   Thumb Code     0  startup_stm32f407xx.o(.text)
    DMA1_Stream1_IRQHandler                  0x080001b7   Thumb Code     0  startup_stm32f407xx.o(.text)
    DMA1_Stream2_IRQHandler                  0x080001b7   Thumb Code     0  startup_stm32f407xx.o(.text)
    DMA1_Stream3_IRQHandler                  0x080001b7   Thumb Code     0  startup_stm32f407xx.o(.text)
    DMA1_Stream4_IRQHandler                  0x080001b7   Thumb Code     0  startup_stm32f407xx.o(.text)
    DMA1_Stream6_IRQHandler                  0x080001b7   Thumb Code     0  startup_stm32f407xx.o(.text)
    DMA1_Stream7_IRQHandler                  0x080001b7   Thumb Code     0  startup_stm32f407xx.o(.text)
    DMA2_Stream0_IRQHandler                  0x080001b7   Thumb Code     0  startup_stm32f407xx.o(.text)
    DMA2_Stream1_IRQHandler                  0x080001b7   Thumb Code     0  startup_stm32f407xx.o(.text)
    DMA2_Stream2_IRQHandler                  0x080001b7   Thumb Code     0  startup_stm32f407xx.o(.text)
    DMA2_Stream3_IRQHandler                  0x080001b7   Thumb Code     0  startup_stm32f407xx.o(.text)
    DMA2_Stream4_IRQHandler                  0x080001b7   Thumb Code     0  startup_stm32f407xx.o(.text)
    DMA2_Stream5_IRQHandler                  0x080001b7   Thumb Code     0  startup_stm32f407xx.o(.text)
    DMA2_Stream6_IRQHandler                  0x080001b7   Thumb Code     0  startup_stm32f407xx.o(.text)
    DMA2_Stream7_IRQHandler                  0x080001b7   Thumb Code     0  startup_stm32f407xx.o(.text)
    ETH_IRQHandler                           0x080001b7   Thumb Code     0  startup_stm32f407xx.o(.text)
    ETH_WKUP_IRQHandler                      0x080001b7   Thumb Code     0  startup_stm32f407xx.o(.text)
    EXTI0_IRQHandler                         0x080001b7   Thumb Code     0  startup_stm32f407xx.o(.text)
    EXTI15_10_IRQHandler                     0x080001b7   Thumb Code     0  startup_stm32f407xx.o(.text)
    EXTI1_IRQHandler                         0x080001b7   Thumb Code     0  startup_stm32f407xx.o(.text)
    EXTI2_IRQHandler                         0x080001b7   Thumb Code     0  startup_stm32f407xx.o(.text)
    EXTI3_IRQHandler                         0x080001b7   Thumb Code     0  startup_stm32f407xx.o(.text)
    EXTI4_IRQHandler                         0x080001b7   Thumb Code     0  startup_stm32f407xx.o(.text)
    EXTI9_5_IRQHandler                       0x080001b7   Thumb Code     0  startup_stm32f407xx.o(.text)
    FLASH_IRQHandler                         0x080001b7   Thumb Code     0  startup_stm32f407xx.o(.text)
    FMC_IRQHandler                           0x080001b7   Thumb Code     0  startup_stm32f407xx.o(.text)
    FPU_IRQHandler                           0x080001b7   Thumb Code     0  startup_stm32f407xx.o(.text)
    HASH_RNG_IRQHandler                      0x080001b7   Thumb Code     0  startup_stm32f407xx.o(.text)
    I2C1_ER_IRQHandler                       0x080001b7   Thumb Code     0  startup_stm32f407xx.o(.text)
    I2C1_EV_IRQHandler                       0x080001b7   Thumb Code     0  startup_stm32f407xx.o(.text)
    I2C2_ER_IRQHandler                       0x080001b7   Thumb Code     0  startup_stm32f407xx.o(.text)
    I2C2_EV_IRQHandler                       0x080001b7   Thumb Code     0  startup_stm32f407xx.o(.text)
    I2C3_ER_IRQHandler                       0x080001b7   Thumb Code     0  startup_stm32f407xx.o(.text)
    I2C3_EV_IRQHandler                       0x080001b7   Thumb Code     0  startup_stm32f407xx.o(.text)
    OTG_FS_WKUP_IRQHandler                   0x080001b7   Thumb Code     0  startup_stm32f407xx.o(.text)
    OTG_HS_EP1_IN_IRQHandler                 0x080001b7   Thumb Code     0  startup_stm32f407xx.o(.text)
    OTG_HS_EP1_OUT_IRQHandler                0x080001b7   Thumb Code     0  startup_stm32f407xx.o(.text)
    OTG_HS_IRQHandler                        0x080001b7   Thumb Code     0  startup_stm32f407xx.o(.text)
    OTG_HS_WKUP_IRQHandler                   0x080001b7   Thumb Code     0  startup_stm32f407xx.o(.text)
    PVD_IRQHandler                           0x080001b7   Thumb Code     0  startup_stm32f407xx.o(.text)
    RCC_IRQHandler                           0x080001b7   Thumb Code     0  startup_stm32f407xx.o(.text)
    RTC_Alarm_IRQHandler                     0x080001b7   Thumb Code     0  startup_stm32f407xx.o(.text)
    RTC_WKUP_IRQHandler                      0x080001b7   Thumb Code     0  startup_stm32f407xx.o(.text)
    SDIO_IRQHandler                          0x080001b7   Thumb Code     0  startup_stm32f407xx.o(.text)
    SPI1_IRQHandler                          0x080001b7   Thumb Code     0  startup_stm32f407xx.o(.text)
    SPI2_IRQHandler                          0x080001b7   Thumb Code     0  startup_stm32f407xx.o(.text)
    SPI3_IRQHandler                          0x080001b7   Thumb Code     0  startup_stm32f407xx.o(.text)
    TAMP_STAMP_IRQHandler                    0x080001b7   Thumb Code     0  startup_stm32f407xx.o(.text)
    TIM1_BRK_TIM9_IRQHandler                 0x080001b7   Thumb Code     0  startup_stm32f407xx.o(.text)
    TIM1_CC_IRQHandler                       0x080001b7   Thumb Code     0  startup_stm32f407xx.o(.text)
    TIM1_TRG_COM_TIM11_IRQHandler            0x080001b7   Thumb Code     0  startup_stm32f407xx.o(.text)
    TIM1_UP_TIM10_IRQHandler                 0x080001b7   Thumb Code     0  startup_stm32f407xx.o(.text)
    TIM2_IRQHandler                          0x080001b7   Thumb Code     0  startup_stm32f407xx.o(.text)
    TIM3_IRQHandler                          0x080001b7   Thumb Code     0  startup_stm32f407xx.o(.text)
    TIM4_IRQHandler                          0x080001b7   Thumb Code     0  startup_stm32f407xx.o(.text)
    TIM5_IRQHandler                          0x080001b7   Thumb Code     0  startup_stm32f407xx.o(.text)
    TIM6_DAC_IRQHandler                      0x080001b7   Thumb Code     0  startup_stm32f407xx.o(.text)
    TIM7_IRQHandler                          0x080001b7   Thumb Code     0  startup_stm32f407xx.o(.text)
    TIM8_BRK_TIM12_IRQHandler                0x080001b7   Thumb Code     0  startup_stm32f407xx.o(.text)
    TIM8_CC_IRQHandler                       0x080001b7   Thumb Code     0  startup_stm32f407xx.o(.text)
    TIM8_TRG_COM_TIM14_IRQHandler            0x080001b7   Thumb Code     0  startup_stm32f407xx.o(.text)
    TIM8_UP_TIM13_IRQHandler                 0x080001b7   Thumb Code     0  startup_stm32f407xx.o(.text)
    UART4_IRQHandler                         0x080001b7   Thumb Code     0  startup_stm32f407xx.o(.text)
    UART5_IRQHandler                         0x080001b7   Thumb Code     0  startup_stm32f407xx.o(.text)
    USART1_IRQHandler                        0x080001b7   Thumb Code     0  startup_stm32f407xx.o(.text)
    USART2_IRQHandler                        0x080001b7   Thumb Code     0  startup_stm32f407xx.o(.text)
    USART3_IRQHandler                        0x080001b7   Thumb Code     0  startup_stm32f407xx.o(.text)
    USART6_IRQHandler                        0x080001b7   Thumb Code     0  startup_stm32f407xx.o(.text)
    WWDG_IRQHandler                          0x080001b7   Thumb Code     0  startup_stm32f407xx.o(.text)
    __aeabi_memcpy                           0x080001c1   Thumb Code    36  memcpya.o(.text)
    __aeabi_memcpy4                          0x080001c1   Thumb Code     0  memcpya.o(.text)
    __aeabi_memcpy8                          0x080001c1   Thumb Code     0  memcpya.o(.text)
    __aeabi_memset                           0x080001e5   Thumb Code    14  memseta.o(.text)
    __aeabi_memset4                          0x080001e5   Thumb Code     0  memseta.o(.text)
    __aeabi_memset8                          0x080001e5   Thumb Code     0  memseta.o(.text)
    __aeabi_memclr                           0x080001f3   Thumb Code     4  memseta.o(.text)
    __aeabi_memclr4                          0x080001f3   Thumb Code     0  memseta.o(.text)
    __aeabi_memclr8                          0x080001f3   Thumb Code     0  memseta.o(.text)
    _memset$wrapper                          0x080001f7   Thumb Code    18  memseta.o(.text)
    __scatterload                            0x08000209   Thumb Code    28  init.o(.text)
    __scatterload_rt2                        0x08000209   Thumb Code     0  init.o(.text)
    BSP_AUDIO_OUT_ChangeBuffer               0x08000291   Thumb Code    10  bsp_audio.o(i.BSP_AUDIO_OUT_ChangeBuffer)
    BSP_AUDIO_OUT_Init                       0x080002a1   Thumb Code   102  bsp_audio.o(i.BSP_AUDIO_OUT_Init)
    BSP_AUDIO_OUT_Play                       0x08000311   Thumb Code    30  bsp_audio.o(i.BSP_AUDIO_OUT_Play)
    BSP_AUDIO_OUT_SetMute                    0x08000335   Thumb Code     4  bsp_audio.o(i.BSP_AUDIO_OUT_SetMute)
    BSP_AUDIO_OUT_SetVolume                  0x08000339   Thumb Code     4  bsp_audio.o(i.BSP_AUDIO_OUT_SetVolume)
    BSP_AUDIO_OUT_Stop                       0x0800033d   Thumb Code    28  bsp_audio.o(i.BSP_AUDIO_OUT_Stop)
    BusFault_Handler                         0x08000361   Thumb Code     2  stm32f4xx_it.o(i.BusFault_Handler)
    DMA1_Stream5_IRQHandler                  0x08000365   Thumb Code     6  stm32f4xx_it.o(i.DMA1_Stream5_IRQHandler)
    DebugMon_Handler                         0x08000415   Thumb Code     2  stm32f4xx_it.o(i.DebugMon_Handler)
    FSMC_NORSRAM_Extended_Timing_Init        0x08000419   Thumb Code    60  stm32f4xx_ll_fsmc.o(i.FSMC_NORSRAM_Extended_Timing_Init)
    FSMC_NORSRAM_Init                        0x08000459   Thumb Code    80  stm32f4xx_ll_fsmc.o(i.FSMC_NORSRAM_Init)
    FSMC_NORSRAM_Timing_Init                 0x080004ad   Thumb Code    64  stm32f4xx_ll_fsmc.o(i.FSMC_NORSRAM_Timing_Init)
    HAL_DMA_Abort                            0x080004f1   Thumb Code   142  stm32f4xx_hal_dma.o(i.HAL_DMA_Abort)
    HAL_DMA_IRQHandler                       0x08000581   Thumb Code   414  stm32f4xx_hal_dma.o(i.HAL_DMA_IRQHandler)
    HAL_DMA_Init                             0x08000729   Thumb Code   206  stm32f4xx_hal_dma.o(i.HAL_DMA_Init)
    HAL_DMA_Start_IT                         0x080007fd   Thumb Code   120  stm32f4xx_hal_dma.o(i.HAL_DMA_Start_IT)
    HAL_Delay                                0x08000875   Thumb Code    28  stm32f4xx_hal.o(i.HAL_Delay)
    HAL_GPIO_Init                            0x0800092d   Thumb Code   388  stm32f4xx_hal_gpio.o(i.HAL_GPIO_Init)
    HAL_GPIO_WritePin                        0x08000add   Thumb Code    10  stm32f4xx_hal_gpio.o(i.HAL_GPIO_WritePin)
    HAL_GetTick                              0x08000ae9   Thumb Code     6  stm32f4xx_hal.o(i.HAL_GetTick)
    HAL_I2SEx_FullDuplex_IRQHandler          0x08000af5   Thumb Code   476  stm32f4xx_hal_i2s_ex.o(i.HAL_I2SEx_FullDuplex_IRQHandler)
    HAL_I2SEx_TxRxCpltCallback               0x08000cd9   Thumb Code     2  stm32f4xx_hal_i2s_ex.o(i.HAL_I2SEx_TxRxCpltCallback)
    HAL_I2S_DMAStop                          0x08000cdd   Thumb Code   196  stm32f4xx_hal_i2s.o(i.HAL_I2S_DMAStop)
    HAL_I2S_ErrorCallback                    0x08000da9   Thumb Code     2  bsp_audio.o(i.HAL_I2S_ErrorCallback)
    HAL_I2S_GetState                         0x08000dab   Thumb Code     6  stm32f4xx_hal_i2s.o(i.HAL_I2S_GetState)
    HAL_I2S_Init                             0x08000db1   Thumb Code   366  stm32f4xx_hal_i2s.o(i.HAL_I2S_Init)
    HAL_I2S_MspInit                          0x08000f31   Thumb Code   150  stm32f4xx_hal_msp.o(i.HAL_I2S_MspInit)
    HAL_I2S_RxCpltCallback                   0x08001001   Thumb Code     2  stm32f4xx_hal_i2s.o(i.HAL_I2S_RxCpltCallback)
    HAL_I2S_Transmit_DMA                     0x08001005   Thumb Code   156  stm32f4xx_hal_i2s.o(i.HAL_I2S_Transmit_DMA)
    HAL_I2S_TxCpltCallback                   0x080010ad   Thumb Code     4  bsp_audio.o(i.HAL_I2S_TxCpltCallback)
    HAL_I2S_TxHalfCpltCallback               0x080010b1   Thumb Code     4  bsp_audio.o(i.HAL_I2S_TxHalfCpltCallback)
    HAL_IncTick                              0x080010b5   Thumb Code    10  stm32f4xx_hal.o(i.HAL_IncTick)
    HAL_Init                                 0x080010c5   Thumb Code    48  stm32f4xx_hal.o(i.HAL_Init)
    HAL_InitTick                             0x080010f9   Thumb Code    34  stm32f4xx_hal.o(i.HAL_InitTick)
    HAL_MspInit                              0x08001121   Thumb Code    88  stm32f4xx_hal_msp.o(i.HAL_MspInit)
    HAL_NVIC_EnableIRQ                       0x08001179   Thumb Code    22  stm32f4xx_hal_cortex.o(i.HAL_NVIC_EnableIRQ)
    HAL_NVIC_SetPriority                     0x08001191   Thumb Code    60  stm32f4xx_hal_cortex.o(i.HAL_NVIC_SetPriority)
    HAL_NVIC_SetPriorityGrouping             0x080011d1   Thumb Code    26  stm32f4xx_hal_cortex.o(i.HAL_NVIC_SetPriorityGrouping)
    HAL_PCDEx_SetRxFiFo                      0x080011f5   Thumb Code     8  stm32f4xx_hal_pcd_ex.o(i.HAL_PCDEx_SetRxFiFo)
    HAL_PCDEx_SetTxFiFo                      0x080011fd   Thumb Code    68  stm32f4xx_hal_pcd_ex.o(i.HAL_PCDEx_SetTxFiFo)
    HAL_PCD_ConnectCallback                  0x08001241   Thumb Code     8  usbd_conf.o(i.HAL_PCD_ConnectCallback)
    HAL_PCD_DataInStageCallback              0x08001249   Thumb Code    18  usbd_conf.o(i.HAL_PCD_DataInStageCallback)
    HAL_PCD_DataOutStageCallback             0x0800125b   Thumb Code    20  usbd_conf.o(i.HAL_PCD_DataOutStageCallback)
    HAL_PCD_DisconnectCallback               0x0800126f   Thumb Code     8  usbd_conf.o(i.HAL_PCD_DisconnectCallback)
    HAL_PCD_EP_Close                         0x08001277   Thumb Code    68  stm32f4xx_hal_pcd.o(i.HAL_PCD_EP_Close)
    HAL_PCD_EP_ClrStall                      0x080012bb   Thumb Code    80  stm32f4xx_hal_pcd.o(i.HAL_PCD_EP_ClrStall)
    HAL_PCD_EP_Open                          0x0800130b   Thumb Code    84  stm32f4xx_hal_pcd.o(i.HAL_PCD_EP_Open)
    HAL_PCD_EP_Receive                       0x0800135f   Thumb Code    72  stm32f4xx_hal_pcd.o(i.HAL_PCD_EP_Receive)
    HAL_PCD_EP_SetStall                      0x080013a7   Thumb Code    96  stm32f4xx_hal_pcd.o(i.HAL_PCD_EP_SetStall)
    HAL_PCD_EP_Transmit                      0x08001407   Thumb Code    64  stm32f4xx_hal_pcd.o(i.HAL_PCD_EP_Transmit)
    HAL_PCD_IRQHandler                       0x08001449   Thumb Code  1196  stm32f4xx_hal_pcd.o(i.HAL_PCD_IRQHandler)
    HAL_PCD_ISOINIncompleteCallback          0x0800193d   Thumb Code     8  usbd_conf.o(i.HAL_PCD_ISOINIncompleteCallback)
    HAL_PCD_ISOOUTIncompleteCallback         0x08001945   Thumb Code     8  usbd_conf.o(i.HAL_PCD_ISOOUTIncompleteCallback)
    HAL_PCD_Init                             0x0800194d   Thumb Code   190  stm32f4xx_hal_pcd.o(i.HAL_PCD_Init)
    HAL_PCD_MspInit                          0x08001a0d   Thumb Code    92  usbd_conf.o(i.HAL_PCD_MspInit)
    HAL_PCD_ResetCallback                    0x08001a71   Thumb Code    32  usbd_conf.o(i.HAL_PCD_ResetCallback)
    HAL_PCD_ResumeCallback                   0x08001a91   Thumb Code     8  usbd_conf.o(i.HAL_PCD_ResumeCallback)
    HAL_PCD_SOFCallback                      0x08001a99   Thumb Code     8  usbd_conf.o(i.HAL_PCD_SOFCallback)
    HAL_PCD_SetAddress                       0x08001aa1   Thumb Code    36  stm32f4xx_hal_pcd.o(i.HAL_PCD_SetAddress)
    HAL_PCD_SetupStageCallback               0x08001ac5   Thumb Code    14  usbd_conf.o(i.HAL_PCD_SetupStageCallback)
    HAL_PCD_Start                            0x08001ad3   Thumb Code    42  stm32f4xx_hal_pcd.o(i.HAL_PCD_Start)
    HAL_PCD_SuspendCallback                  0x08001afd   Thumb Code    44  usbd_conf.o(i.HAL_PCD_SuspendCallback)
    HAL_RCCEx_GetPeriphCLKConfig             0x08001b2d   Thumb Code    74  stm32f4xx_hal_rcc_ex.o(i.HAL_RCCEx_GetPeriphCLKConfig)
    HAL_RCCEx_GetPeriphCLKFreq               0x08001b7d   Thumb Code    76  stm32f4xx_hal_rcc_ex.o(i.HAL_RCCEx_GetPeriphCLKFreq)
    HAL_RCCEx_PeriphCLKConfig                0x08001bd9   Thumb Code   320  stm32f4xx_hal_rcc_ex.o(i.HAL_RCCEx_PeriphCLKConfig)
    HAL_RCC_CSSCallback                      0x08001d2d   Thumb Code     2  stm32f4xx_hal_rcc.o(i.HAL_RCC_CSSCallback)
    HAL_RCC_ClockConfig                      0x08001d31   Thumb Code   364  stm32f4xx_hal_rcc.o(i.HAL_RCC_ClockConfig)
    HAL_RCC_EnableCSS                        0x08001ead   Thumb Code     8  stm32f4xx_hal_rcc.o(i.HAL_RCC_EnableCSS)
    HAL_RCC_GetHCLKFreq                      0x08001eb9   Thumb Code     6  stm32f4xx_hal_rcc.o(i.HAL_RCC_GetHCLKFreq)
    HAL_RCC_GetSysClockFreq                  0x08001ec5   Thumb Code   104  stm32f4xx_hal_rcc.o(i.HAL_RCC_GetSysClockFreq)
    HAL_RCC_NMI_IRQHandler                   0x08001f39   Thumb Code    24  stm32f4xx_hal_rcc.o(i.HAL_RCC_NMI_IRQHandler)
    HAL_RCC_OscConfig                        0x08001f55   Thumb Code   770  stm32f4xx_hal_rcc.o(i.HAL_RCC_OscConfig)
    HAL_SRAM_Init                            0x08002269   Thumb Code    86  stm32f4xx_hal_sram.o(i.HAL_SRAM_Init)
    HAL_SRAM_MspInit                         0x080022bf   Thumb Code     4  stm32f4xx_hal_msp.o(i.HAL_SRAM_MspInit)
    HAL_SYSTICK_CLKSourceConfig              0x080022c3   Thumb Code    24  stm32f4xx_hal_cortex.o(i.HAL_SYSTICK_CLKSourceConfig)
    HAL_SYSTICK_Callback                     0x080022db   Thumb Code     2  stm32f4xx_hal_cortex.o(i.HAL_SYSTICK_Callback)
    HAL_SYSTICK_Config                       0x080022dd   Thumb Code    40  stm32f4xx_hal_cortex.o(i.HAL_SYSTICK_Config)
    HAL_SYSTICK_IRQHandler                   0x08002305   Thumb Code     8  stm32f4xx_hal_cortex.o(i.HAL_SYSTICK_IRQHandler)
    HalfTransfer_CallBack_FS                 0x0800230d   Thumb Code     8  usbd_audio_if.o(i.HalfTransfer_CallBack_FS)
    HardFault_Handler                        0x08002319   Thumb Code     2  stm32f4xx_it.o(i.HardFault_Handler)
    MX_USB_DEVICE_Init                       0x08002861   Thumb Code    38  usb_device.o(i.MX_USB_DEVICE_Init)
    MemManage_Handler                        0x08002899   Thumb Code     2  stm32f4xx_it.o(i.MemManage_Handler)
    NMI_Handler                              0x0800289b   Thumb Code     4  stm32f4xx_it.o(i.NMI_Handler)
    OTG_FS_IRQHandler                        0x080028c1   Thumb Code     6  stm32f4xx_it.o(i.OTG_FS_IRQHandler)
    PendSV_Handler                           0x08002955   Thumb Code     2  stm32f4xx_it.o(i.PendSV_Handler)
    SVC_Handler                              0x08002957   Thumb Code     2  stm32f4xx_it.o(i.SVC_Handler)
    SysTick_Handler                          0x08002959   Thumb Code    14  stm32f4xx_it.o(i.SysTick_Handler)
    SystemClock_Config                       0x08002969   Thumb Code   174  main.o(i.SystemClock_Config)
    SystemInit                               0x08002a21   Thumb Code    66  system_stm32f4xx.o(i.SystemInit)
    TransferComplete_CallBack_FS             0x08002a75   Thumb Code     8  usbd_audio_if.o(i.TransferComplete_CallBack_FS)
    USBD_AUDIO_RegisterInterface             0x08002bdf   Thumb Code    10  usbd_audio.o(i.USBD_AUDIO_RegisterInterface)
    USBD_AUDIO_Sync                          0x08002ca9   Thumb Code   134  usbd_audio.o(i.USBD_AUDIO_Sync)
    USBD_ClrClassConfig                      0x08002d2f   Thumb Code    14  usbd_core.o(i.USBD_ClrClassConfig)
    USBD_CtlContinueRx                       0x08002d3d   Thumb Code    16  usbd_ioreq.o(i.USBD_CtlContinueRx)
    USBD_CtlContinueSendData                 0x08002d4d   Thumb Code    16  usbd_ioreq.o(i.USBD_CtlContinueSendData)
    USBD_CtlError                            0x08002d5d   Thumb Code    22  usbd_ctlreq.o(i.USBD_CtlError)
    USBD_CtlPrepareRx                        0x08002d73   Thumb Code    30  usbd_ioreq.o(i.USBD_CtlPrepareRx)
    USBD_CtlReceiveStatus                    0x08002d91   Thumb Code    22  usbd_ioreq.o(i.USBD_CtlReceiveStatus)
    USBD_CtlSendData                         0x08002da7   Thumb Code    26  usbd_ioreq.o(i.USBD_CtlSendData)
    USBD_CtlSendStatus                       0x08002dc1   Thumb Code    22  usbd_ioreq.o(i.USBD_CtlSendStatus)
    USBD_FS_ConfigStrDescriptor              0x08002dd9   Thumb Code    16  usbd_desc.o(i.USBD_FS_ConfigStrDescriptor)
    USBD_FS_DeviceDescriptor                 0x08002dfd   Thumb Code     8  usbd_desc.o(i.USBD_FS_DeviceDescriptor)
    USBD_FS_InterfaceStrDescriptor           0x08002e09   Thumb Code    16  usbd_desc.o(i.USBD_FS_InterfaceStrDescriptor)
    USBD_FS_LangIDStrDescriptor              0x08002e2d   Thumb Code     8  usbd_desc.o(i.USBD_FS_LangIDStrDescriptor)
    USBD_FS_ManufacturerStrDescriptor        0x08002e39   Thumb Code    16  usbd_desc.o(i.USBD_FS_ManufacturerStrDescriptor)
    USBD_FS_ProductStrDescriptor             0x08002e61   Thumb Code    16  usbd_desc.o(i.USBD_FS_ProductStrDescriptor)
    USBD_FS_SerialStrDescriptor              0x08002e89   Thumb Code    16  usbd_desc.o(i.USBD_FS_SerialStrDescriptor)
    USBD_GetString                           0x08002f8d   Thumb Code    70  usbd_ctlreq.o(i.USBD_GetString)
    USBD_Init                                0x08002fd3   Thumb Code    42  usbd_core.o(i.USBD_Init)
    USBD_LL_ClearStallEP                     0x08002ffd   Thumb Code    32  usbd_conf.o(i.USBD_LL_ClearStallEP)
    USBD_LL_CloseEP                          0x0800301d   Thumb Code    32  usbd_conf.o(i.USBD_LL_CloseEP)
    USBD_LL_DataInStage                      0x0800303d   Thumb Code   170  usbd_core.o(i.USBD_LL_DataInStage)
    USBD_LL_DataOutStage                     0x080030e7   Thumb Code   106  usbd_core.o(i.USBD_LL_DataOutStage)
    USBD_LL_DevConnected                     0x08003151   Thumb Code     4  usbd_core.o(i.USBD_LL_DevConnected)
    USBD_LL_DevDisconnected                  0x08003155   Thumb Code    22  usbd_core.o(i.USBD_LL_DevDisconnected)
    USBD_LL_Init                             0x0800316d   Thumb Code    98  usbd_conf.o(i.USBD_LL_Init)
    USBD_LL_IsStallEP                        0x080031e9   Thumb Code    32  usbd_conf.o(i.USBD_LL_IsStallEP)
    USBD_LL_IsoINIncomplete                  0x08003209   Thumb Code     4  usbd_core.o(i.USBD_LL_IsoINIncomplete)
    USBD_LL_IsoOUTIncomplete                 0x0800320d   Thumb Code     4  usbd_core.o(i.USBD_LL_IsoOUTIncomplete)
    USBD_LL_OpenEP                           0x08003211   Thumb Code    38  usbd_conf.o(i.USBD_LL_OpenEP)
    USBD_LL_PrepareReceive                   0x08003237   Thumb Code    32  usbd_conf.o(i.USBD_LL_PrepareReceive)
    USBD_LL_Reset                            0x08003257   Thumb Code    62  usbd_core.o(i.USBD_LL_Reset)
    USBD_LL_Resume                           0x08003295   Thumb Code    12  usbd_core.o(i.USBD_LL_Resume)
    USBD_LL_SOF                              0x080032a1   Thumb Code    24  usbd_core.o(i.USBD_LL_SOF)
    USBD_LL_SetSpeed                         0x080032b9   Thumb Code     6  usbd_core.o(i.USBD_LL_SetSpeed)
    USBD_LL_SetUSBAddress                    0x080032bf   Thumb Code    32  usbd_conf.o(i.USBD_LL_SetUSBAddress)
    USBD_LL_SetupStage                       0x080032df   Thumb Code    90  usbd_core.o(i.USBD_LL_SetupStage)
    USBD_LL_StallEP                          0x08003339   Thumb Code    32  usbd_conf.o(i.USBD_LL_StallEP)
    USBD_LL_Start                            0x08003359   Thumb Code    32  usbd_conf.o(i.USBD_LL_Start)
    USBD_LL_Suspend                          0x08003379   Thumb Code    18  usbd_core.o(i.USBD_LL_Suspend)
    USBD_LL_Transmit                         0x0800338b   Thumb Code    32  usbd_conf.o(i.USBD_LL_Transmit)
    USBD_ParseSetupRequest                   0x080033ab   Thumb Code    40  usbd_ctlreq.o(i.USBD_ParseSetupRequest)
    USBD_RegisterClass                       0x080033d3   Thumb Code    16  usbd_core.o(i.USBD_RegisterClass)
    USBD_SetClassConfig                      0x080033e3   Thumb Code    22  usbd_core.o(i.USBD_SetClassConfig)
    USBD_Start                               0x0800346d   Thumb Code    10  usbd_core.o(i.USBD_Start)
    USBD_StdDevReq                           0x08003477   Thumb Code   242  usbd_ctlreq.o(i.USBD_StdDevReq)
    USBD_StdEPReq                            0x08003569   Thumb Code   220  usbd_ctlreq.o(i.USBD_StdEPReq)
    USBD_StdItfReq                           0x08003645   Thumb Code    52  usbd_ctlreq.o(i.USBD_StdItfReq)
    USB_ActivateEndpoint                     0x08003679   Thumb Code   122  stm32f4xx_ll_usb.o(i.USB_ActivateEndpoint)
    USB_ActivateSetup                        0x080036f9   Thumb Code    52  stm32f4xx_ll_usb.o(i.USB_ActivateSetup)
    USB_CoreInit                             0x0800372d   Thumb Code   104  stm32f4xx_ll_usb.o(i.USB_CoreInit)
    USB_DeactivateEndpoint                   0x080037d1   Thumb Code   196  stm32f4xx_ll_usb.o(i.USB_DeactivateEndpoint)
    USB_DevConnect                           0x08003899   Thumb Code    24  stm32f4xx_ll_usb.o(i.USB_DevConnect)
    USB_DevDisconnect                        0x080038b1   Thumb Code    24  stm32f4xx_ll_usb.o(i.USB_DevDisconnect)
    USB_DevInit                              0x080038c9   Thumb Code   302  stm32f4xx_ll_usb.o(i.USB_DevInit)
    USB_DisableGlobalInt                     0x08003a09   Thumb Code    12  stm32f4xx_ll_usb.o(i.USB_DisableGlobalInt)
    USB_EP0StartXfer                         0x08003a15   Thumb Code   316  stm32f4xx_ll_usb.o(i.USB_EP0StartXfer)
    USB_EP0_OutStart                         0x08003b55   Thumb Code    62  stm32f4xx_ll_usb.o(i.USB_EP0_OutStart)
    USB_EPClearStall                         0x08003b93   Thumb Code   100  stm32f4xx_ll_usb.o(i.USB_EPClearStall)
    USB_EPSetStall                           0x08003bf7   Thumb Code    94  stm32f4xx_ll_usb.o(i.USB_EPSetStall)
    USB_EPStartXfer                          0x08003c55   Thumb Code   534  stm32f4xx_ll_usb.o(i.USB_EPStartXfer)
    USB_EnableGlobalInt                      0x08003e71   Thumb Code    12  stm32f4xx_ll_usb.o(i.USB_EnableGlobalInt)
    USB_FlushRxFifo                          0x08003e7d   Thumb Code    28  stm32f4xx_ll_usb.o(i.USB_FlushRxFifo)
    USB_FlushTxFifo                          0x08003e9d   Thumb Code    32  stm32f4xx_ll_usb.o(i.USB_FlushTxFifo)
    USB_GetDevSpeed                          0x08003ec1   Thumb Code    60  stm32f4xx_ll_usb.o(i.USB_GetDevSpeed)
    USB_GetMode                              0x08003efd   Thumb Code     8  stm32f4xx_ll_usb.o(i.USB_GetMode)
    USB_ReadDevAllInEpInterrupt              0x08003f05   Thumb Code    14  stm32f4xx_ll_usb.o(i.USB_ReadDevAllInEpInterrupt)
    USB_ReadDevAllOutEpInterrupt             0x08003f13   Thumb Code    14  stm32f4xx_ll_usb.o(i.USB_ReadDevAllOutEpInterrupt)
    USB_ReadDevInEPInterrupt                 0x08003f21   Thumb Code    30  stm32f4xx_ll_usb.o(i.USB_ReadDevInEPInterrupt)
    USB_ReadDevOutEPInterrupt                0x08003f3f   Thumb Code    16  stm32f4xx_ll_usb.o(i.USB_ReadDevOutEPInterrupt)
    USB_ReadInterrupts                       0x08003f4f   Thumb Code     8  stm32f4xx_ll_usb.o(i.USB_ReadInterrupts)
    USB_ReadPacket                           0x08003f57   Thumb Code    32  stm32f4xx_ll_usb.o(i.USB_ReadPacket)
    USB_SetCurrentMode                       0x08003f77   Thumb Code    44  stm32f4xx_ll_usb.o(i.USB_SetCurrentMode)
    USB_SetDevAddress                        0x08003fa3   Thumb Code    34  stm32f4xx_ll_usb.o(i.USB_SetDevAddress)
    USB_WritePacket                          0x08003fc5   Thumb Code    40  stm32f4xx_ll_usb.o(i.USB_WritePacket)
    UsageFault_Handler                       0x08003fed   Thumb Code     2  stm32f4xx_it.o(i.UsageFault_Handler)
    _Error_Handler                           0x08003fef   Thumb Code     2  main.o(i._Error_Handler)
    __scatterload_copy                       0x08003ff1   Thumb Code    14  handlers.o(i.__scatterload_copy)
    __scatterload_null                       0x08003fff   Thumb Code     2  handlers.o(i.__scatterload_null)
    __scatterload_zeroinit                   0x08004001   Thumb Code    14  handlers.o(i.__scatterload_zeroinit)
    free                                     0x08004011   Thumb Code    76  malloc.o(i.free)
    main                                     0x08004061   Thumb Code    62  main.o(i.main)
    malloc                                   0x080040a5   Thumb Code    92  malloc.o(i.malloc)
    AHBPrescTable                            0x08004110   Data          16  system_stm32f4xx.o(.constdata)
    I2SFreq                                  0x08004128   Data          32  bsp_audio.o(.constdata)
    I2SPLLN                                  0x08004148   Data          32  bsp_audio.o(.constdata)
    I2SPLLR                                  0x08004168   Data          32  bsp_audio.o(.constdata)
    Region$$Table$$Base                      0x08004188   Number         0  anon$$obj.o(Region$$Table)
    Region$$Table$$Limit                     0x080041a8   Number         0  anon$$obj.o(Region$$Table)
    USBD_AUDIO                               0x20000004   Data          56  usbd_audio.o(.data)
    SystemCoreClock                          0x200000b8   Data           4  system_stm32f4xx.o(.data)
    FS_Desc                                  0x200000c4   Data          28  usbd_desc.o(.data)
    USBD_LangIDDesc                          0x200000e0   Data           4  usbd_desc.o(.data)
    USBD_FS_DeviceDesc                       0x200000e4   Data          18  usbd_desc.o(.data)
    USBD_AUDIO_fops_FS                       0x200000f8   Data          28  usbd_audio_if.o(.data)
    uwTick                                   0x20000114   Data           4  stm32f4xx_hal.o(.data)
    __microlib_freelist                      0x20000118   Data           4  mvars.o(.data)
    __microlib_freelist_initialised          0x2000011c   Data           4  mvars.o(.data)
    hUsbDeviceFS                             0x20000120   Data         548  usb_device.o(.bss)
    USBD_StrDesc                             0x20000344   Data         512  usbd_desc.o(.bss)
    hi2s3                                    0x20000544   Data          72  main.o(.bss)
    hsram1                                   0x2000058c   Data          80  main.o(.bss)
    hdma_spi3_tx                             0x200005dc   Data          96  main.o(.bss)
    hpcd_USB_OTG_FS                          0x2000063c   Data        1008  usbd_conf.o(.bss)
    __heap_base                              0x20000a30   Data           0  startup_stm32f407xx.o(HEAP)
    __heap_limit                             0x20004a30   Data           0  startup_stm32f407xx.o(HEAP)
    __initial_sp                             0x20005a30   Data           0  startup_stm32f407xx.o(STACK)



==============================================================================

Memory Map of the image

  Image Entry point : 0x08000189

  Load Region LR_IROM1 (Base: 0x08000000, Size: 0x000042c8, Max: 0x00080000, ABSOLUTE)

    Execution Region ER_IROM1 (Base: 0x08000000, Size: 0x000041a8, Max: 0x00080000, ABSOLUTE)

    Base Addr    Size         Type   Attr      Idx    E Section Name        Object

    0x08000000   0x00000188   Data   RO          496    RESET               startup_stm32f407xx.o
    0x08000188   0x00000000   Code   RO         3270  * .ARM.Collect$$$$00000000  mc_w.l(entry.o)
    0x08000188   0x00000004   Code   RO         3307    .ARM.Collect$$$$00000001  mc_w.l(entry2.o)
    0x0800018c   0x00000004   Code   RO         3310    .ARM.Collect$$$$00000004  mc_w.l(entry5.o)
    0x08000190   0x00000000   Code   RO         3312    .ARM.Collect$$$$00000008  mc_w.l(entry7b.o)
    0x08000190   0x00000000   Code   RO         3314    .ARM.Collect$$$$0000000A  mc_w.l(entry8b.o)
    0x08000190   0x00000008   Code   RO         3315    .ARM.Collect$$$$0000000B  mc_w.l(entry9a.o)
    0x08000198   0x00000000   Code   RO         3317    .ARM.Collect$$$$0000000D  mc_w.l(entry10a.o)
    0x08000198   0x00000000   Code   RO         3319    .ARM.Collect$$$$0000000F  mc_w.l(entry11a.o)
    0x08000198   0x00000004   Code   RO         3308    .ARM.Collect$$$$00002712  mc_w.l(entry2.o)
    0x0800019c   0x00000024   Code   RO          497    .text               startup_stm32f407xx.o
    0x080001c0   0x00000024   Code   RO         3273    .text               mc_w.l(memcpya.o)
    0x080001e4   0x00000024   Code   RO         3275    .text               mc_w.l(memseta.o)
    0x08000208   0x00000024   Code   RO         3323    .text               mc_w.l(init.o)
    0x0800022c   0x0000001c   Code   RO         1040    i.AUDIO_AudioCmd_FS  usbd_audio_if.o
    0x08000248   0x0000000a   Code   RO         1041    i.AUDIO_DeInit_FS   usbd_audio_if.o
    0x08000252   0x00000004   Code   RO         1042    i.AUDIO_GetState_FS  usbd_audio_if.o
    0x08000256   0x00000002   PAD
    0x08000258   0x00000020   Code   RO         1043    i.AUDIO_Init_FS     usbd_audio_if.o
    0x08000278   0x0000000a   Code   RO         1044    i.AUDIO_MuteCtl_FS  usbd_audio_if.o
    0x08000282   0x00000004   Code   RO         1045    i.AUDIO_PeriodicTC_FS  usbd_audio_if.o
    0x08000286   0x0000000a   Code   RO         1046    i.AUDIO_VolumeCtl_FS  usbd_audio_if.o
    0x08000290   0x00000010   Code   RO         3192    i.BSP_AUDIO_OUT_ChangeBuffer  bsp_audio.o
    0x080002a0   0x00000070   Code   RO         3193    i.BSP_AUDIO_OUT_Init  bsp_audio.o
    0x08000310   0x00000024   Code   RO         3194    i.BSP_AUDIO_OUT_Play  bsp_audio.o
    0x08000334   0x00000004   Code   RO         3195    i.BSP_AUDIO_OUT_SetMute  bsp_audio.o
    0x08000338   0x00000004   Code   RO         3196    i.BSP_AUDIO_OUT_SetVolume  bsp_audio.o
    0x0800033c   0x00000024   Code   RO         3197    i.BSP_AUDIO_OUT_Stop  bsp_audio.o
    0x08000360   0x00000002   Code   RO          598    i.BusFault_Handler  stm32f4xx_it.o
    0x08000362   0x00000002   PAD
    0x08000364   0x0000000c   Code   RO          599    i.DMA1_Stream5_IRQHandler  stm32f4xx_it.o
    0x08000370   0x00000028   Code   RO         2066    i.DMA_CalcBaseAndBitshift  stm32f4xx_hal_dma.o
    0x08000398   0x00000054   Code   RO         2067    i.DMA_CheckFifoParam  stm32f4xx_hal_dma.o
    0x080003ec   0x00000028   Code   RO         2068    i.DMA_SetConfig     stm32f4xx_hal_dma.o
    0x08000414   0x00000002   Code   RO          600    i.DebugMon_Handler  stm32f4xx_it.o
    0x08000416   0x00000002   PAD
    0x08000418   0x00000040   Code   RO         2813    i.FSMC_NORSRAM_Extended_Timing_Init  stm32f4xx_ll_fsmc.o
    0x08000458   0x00000054   Code   RO         2814    i.FSMC_NORSRAM_Init  stm32f4xx_ll_fsmc.o
    0x080004ac   0x00000044   Code   RO         2815    i.FSMC_NORSRAM_Timing_Init  stm32f4xx_ll_fsmc.o
    0x080004f0   0x0000008e   Code   RO         2069    i.HAL_DMA_Abort     stm32f4xx_hal_dma.o
    0x0800057e   0x00000002   PAD
    0x08000580   0x000001a8   Code   RO         2074    i.HAL_DMA_IRQHandler  stm32f4xx_hal_dma.o
    0x08000728   0x000000d4   Code   RO         2075    i.HAL_DMA_Init      stm32f4xx_hal_dma.o
    0x080007fc   0x00000078   Code   RO         2079    i.HAL_DMA_Start_IT  stm32f4xx_hal_dma.o
    0x08000874   0x0000001c   Code   RO         2659    i.HAL_Delay         stm32f4xx_hal.o
    0x08000890   0x0000009c   Code   RO          542    i.HAL_FSMC_MspInit  stm32f4xx_hal_msp.o
    0x0800092c   0x000001b0   Code   RO         2994    i.HAL_GPIO_Init     stm32f4xx_hal_gpio.o
    0x08000adc   0x0000000a   Code   RO         2998    i.HAL_GPIO_WritePin  stm32f4xx_hal_gpio.o
    0x08000ae6   0x00000002   PAD
    0x08000ae8   0x0000000c   Code   RO         2665    i.HAL_GetTick       stm32f4xx_hal.o
    0x08000af4   0x000001e4   Code   RO         2538    i.HAL_I2SEx_FullDuplex_IRQHandler  stm32f4xx_hal_i2s_ex.o
    0x08000cd8   0x00000002   Code   RO         2542    i.HAL_I2SEx_TxRxCpltCallback  stm32f4xx_hal_i2s_ex.o
    0x08000cda   0x00000002   PAD
    0x08000cdc   0x000000cc   Code   RO         1769    i.HAL_I2S_DMAStop   stm32f4xx_hal_i2s.o
    0x08000da8   0x00000002   Code   RO         3198    i.HAL_I2S_ErrorCallback  bsp_audio.o
    0x08000daa   0x00000006   Code   RO         1773    i.HAL_I2S_GetState  stm32f4xx_hal_i2s.o
    0x08000db0   0x00000180   Code   RO         1775    i.HAL_I2S_Init      stm32f4xx_hal_i2s.o
    0x08000f30   0x000000d0   Code   RO          544    i.HAL_I2S_MspInit   stm32f4xx_hal_msp.o
    0x08001000   0x00000002   Code   RO         1781    i.HAL_I2S_RxCpltCallback  stm32f4xx_hal_i2s.o
    0x08001002   0x00000002   PAD
    0x08001004   0x000000a8   Code   RO         1784    i.HAL_I2S_Transmit_DMA  stm32f4xx_hal_i2s.o
    0x080010ac   0x00000004   Code   RO         3199    i.HAL_I2S_TxCpltCallback  bsp_audio.o
    0x080010b0   0x00000004   Code   RO         3200    i.HAL_I2S_TxHalfCpltCallback  bsp_audio.o
    0x080010b4   0x00000010   Code   RO         2667    i.HAL_IncTick       stm32f4xx_hal.o
    0x080010c4   0x00000034   Code   RO         2668    i.HAL_Init          stm32f4xx_hal.o
    0x080010f8   0x00000028   Code   RO         2669    i.HAL_InitTick      stm32f4xx_hal.o
    0x08001120   0x00000058   Code   RO          545    i.HAL_MspInit       stm32f4xx_hal_msp.o
    0x08001178   0x00000016   Code   RO         3062    i.HAL_NVIC_EnableIRQ  stm32f4xx_hal_cortex.o
    0x0800118e   0x00000002   PAD
    0x08001190   0x00000040   Code   RO         3068    i.HAL_NVIC_SetPriority  stm32f4xx_hal_cortex.o
    0x080011d0   0x00000024   Code   RO         3069    i.HAL_NVIC_SetPriorityGrouping  stm32f4xx_hal_cortex.o
    0x080011f4   0x00000008   Code   RO         2172    i.HAL_PCDEx_SetRxFiFo  stm32f4xx_hal_pcd_ex.o
    0x080011fc   0x00000044   Code   RO         2173    i.HAL_PCDEx_SetTxFiFo  stm32f4xx_hal_pcd_ex.o
    0x08001240   0x00000008   Code   RO          851    i.HAL_PCD_ConnectCallback  usbd_conf.o
    0x08001248   0x00000012   Code   RO          852    i.HAL_PCD_DataInStageCallback  usbd_conf.o
    0x0800125a   0x00000014   Code   RO          853    i.HAL_PCD_DataOutStageCallback  usbd_conf.o
    0x0800126e   0x00000008   Code   RO          854    i.HAL_PCD_DisconnectCallback  usbd_conf.o
    0x08001276   0x00000044   Code   RO         1443    i.HAL_PCD_EP_Close  stm32f4xx_hal_pcd.o
    0x080012ba   0x00000050   Code   RO         1444    i.HAL_PCD_EP_ClrStall  stm32f4xx_hal_pcd.o
    0x0800130a   0x00000054   Code   RO         1447    i.HAL_PCD_EP_Open   stm32f4xx_hal_pcd.o
    0x0800135e   0x00000048   Code   RO         1448    i.HAL_PCD_EP_Receive  stm32f4xx_hal_pcd.o
    0x080013a6   0x00000060   Code   RO         1449    i.HAL_PCD_EP_SetStall  stm32f4xx_hal_pcd.o
    0x08001406   0x00000040   Code   RO         1450    i.HAL_PCD_EP_Transmit  stm32f4xx_hal_pcd.o
    0x08001446   0x00000002   PAD
    0x08001448   0x000004f4   Code   RO         1452    i.HAL_PCD_IRQHandler  stm32f4xx_hal_pcd.o
    0x0800193c   0x00000008   Code   RO          855    i.HAL_PCD_ISOINIncompleteCallback  usbd_conf.o
    0x08001944   0x00000008   Code   RO          856    i.HAL_PCD_ISOOUTIncompleteCallback  usbd_conf.o
    0x0800194c   0x000000be   Code   RO         1455    i.HAL_PCD_Init      stm32f4xx_hal_pcd.o
    0x08001a0a   0x00000002   PAD
    0x08001a0c   0x00000064   Code   RO          858    i.HAL_PCD_MspInit   usbd_conf.o
    0x08001a70   0x00000020   Code   RO          859    i.HAL_PCD_ResetCallback  usbd_conf.o
    0x08001a90   0x00000008   Code   RO          860    i.HAL_PCD_ResumeCallback  usbd_conf.o
    0x08001a98   0x00000008   Code   RO          861    i.HAL_PCD_SOFCallback  usbd_conf.o
    0x08001aa0   0x00000024   Code   RO         1461    i.HAL_PCD_SetAddress  stm32f4xx_hal_pcd.o
    0x08001ac4   0x0000000e   Code   RO          862    i.HAL_PCD_SetupStageCallback  usbd_conf.o
    0x08001ad2   0x0000002a   Code   RO         1463    i.HAL_PCD_Start     stm32f4xx_hal_pcd.o
    0x08001afc   0x00000030   Code   RO          863    i.HAL_PCD_SuspendCallback  usbd_conf.o
    0x08001b2c   0x00000050   Code   RO         2322    i.HAL_RCCEx_GetPeriphCLKConfig  stm32f4xx_hal_rcc_ex.o
    0x08001b7c   0x0000005c   Code   RO         2323    i.HAL_RCCEx_GetPeriphCLKFreq  stm32f4xx_hal_rcc_ex.o
    0x08001bd8   0x00000154   Code   RO         2324    i.HAL_RCCEx_PeriphCLKConfig  stm32f4xx_hal_rcc_ex.o
    0x08001d2c   0x00000002   Code   RO         2382    i.HAL_RCC_CSSCallback  stm32f4xx_hal_rcc.o
    0x08001d2e   0x00000002   PAD
    0x08001d30   0x0000017c   Code   RO         2383    i.HAL_RCC_ClockConfig  stm32f4xx_hal_rcc.o
    0x08001eac   0x0000000c   Code   RO         2386    i.HAL_RCC_EnableCSS  stm32f4xx_hal_rcc.o
    0x08001eb8   0x0000000c   Code   RO         2388    i.HAL_RCC_GetHCLKFreq  stm32f4xx_hal_rcc.o
    0x08001ec4   0x00000074   Code   RO         2392    i.HAL_RCC_GetSysClockFreq  stm32f4xx_hal_rcc.o
    0x08001f38   0x0000001c   Code   RO         2394    i.HAL_RCC_NMI_IRQHandler  stm32f4xx_hal_rcc.o
    0x08001f54   0x00000314   Code   RO         2395    i.HAL_RCC_OscConfig  stm32f4xx_hal_rcc.o
    0x08002268   0x00000056   Code   RO         1950    i.HAL_SRAM_Init     stm32f4xx_hal_sram.o
    0x080022be   0x00000004   Code   RO          547    i.HAL_SRAM_MspInit  stm32f4xx_hal_msp.o
    0x080022c2   0x00000018   Code   RO         3071    i.HAL_SYSTICK_CLKSourceConfig  stm32f4xx_hal_cortex.o
    0x080022da   0x00000002   Code   RO         3072    i.HAL_SYSTICK_Callback  stm32f4xx_hal_cortex.o
    0x080022dc   0x00000028   Code   RO         3073    i.HAL_SYSTICK_Config  stm32f4xx_hal_cortex.o
    0x08002304   0x00000008   Code   RO         3074    i.HAL_SYSTICK_IRQHandler  stm32f4xx_hal_cortex.o
    0x0800230c   0x0000000c   Code   RO         1047    i.HalfTransfer_CallBack_FS  usbd_audio_if.o
    0x08002318   0x00000002   Code   RO          601    i.HardFault_Handler  stm32f4xx_it.o
    0x0800231a   0x00000002   PAD
    0x0800231c   0x00000088   Code   RO         2543    i.I2SEx_FullDuplexRx_IT  stm32f4xx_hal_i2s_ex.o
    0x080023a4   0x00000084   Code   RO         2544    i.I2SEx_FullDuplexTx_IT  stm32f4xx_hal_i2s_ex.o
    0x08002428   0x00000028   Code   RO         1788    i.I2S_DMAError      stm32f4xx_hal_i2s.o
    0x08002450   0x00000028   Code   RO         1791    i.I2S_DMATxCplt     stm32f4xx_hal_i2s.o
    0x08002478   0x0000000a   Code   RO         1792    i.I2S_DMATxHalfCplt  stm32f4xx_hal_i2s.o
    0x08002482   0x000000f0   Code   RO         1793    i.I2S_IRQHandler    stm32f4xx_hal_i2s.o
    0x08002572   0x00000002   PAD
    0x08002574   0x00000044   Code   RO         3201    i.I2Sx_Init         bsp_audio.o
    0x080025b8   0x00000064   Code   RO          792    i.MX_FSMC_Init      main.o
    0x0800261c   0x00000210   Code   RO          793    i.MX_GPIO_Init      main.o
    0x0800282c   0x00000034   Code   RO          794    i.MX_I2S3_Init      main.o
    0x08002860   0x00000038   Code   RO          686    i.MX_USB_DEVICE_Init  usb_device.o
    0x08002898   0x00000002   Code   RO          602    i.MemManage_Handler  stm32f4xx_it.o
    0x0800289a   0x00000004   Code   RO          603    i.NMI_Handler       stm32f4xx_it.o
    0x0800289e   0x00000020   Code   RO         3075    i.NVIC_SetPriority  stm32f4xx_hal_cortex.o
    0x080028be   0x00000002   PAD
    0x080028c0   0x0000000c   Code   RO          604    i.OTG_FS_IRQHandler  stm32f4xx_it.o
    0x080028cc   0x00000088   Code   RO         1466    i.PCD_WriteEmptyTxFifo  stm32f4xx_hal_pcd.o
    0x08002954   0x00000002   Code   RO          605    i.PendSV_Handler    stm32f4xx_it.o
    0x08002956   0x00000002   Code   RO          606    i.SVC_Handler       stm32f4xx_it.o
    0x08002958   0x0000000e   Code   RO          607    i.SysTick_Handler   stm32f4xx_it.o
    0x08002966   0x00000002   PAD
    0x08002968   0x000000b8   Code   RO          795    i.SystemClock_Config  main.o
    0x08002a20   0x00000054   Code   RO          505    i.SystemInit        system_stm32f4xx.o
    0x08002a74   0x0000000c   Code   RO         1048    i.TransferComplete_CallBack_FS  usbd_audio_if.o
    0x08002a80   0x00000004   Code   RO          396    i.USBD_AUDIO_DataIn  usbd_audio.o
    0x08002a84   0x00000074   Code   RO          397    i.USBD_AUDIO_DataOut  usbd_audio.o
    0x08002af8   0x0000002c   Code   RO          398    i.USBD_AUDIO_DeInit  usbd_audio.o
    0x08002b24   0x00000036   Code   RO          399    i.USBD_AUDIO_EP0_RxReady  usbd_audio.o
    0x08002b5a   0x00000004   Code   RO          400    i.USBD_AUDIO_EP0_TxReady  usbd_audio.o
    0x08002b5e   0x00000002   PAD
    0x08002b60   0x0000000c   Code   RO          401    i.USBD_AUDIO_GetCfgDesc  usbd_audio.o
    0x08002b6c   0x0000000c   Code   RO          402    i.USBD_AUDIO_GetDeviceQualifierDesc  usbd_audio.o
    0x08002b78   0x0000005e   Code   RO          403    i.USBD_AUDIO_Init   usbd_audio.o
    0x08002bd6   0x00000004   Code   RO          404    i.USBD_AUDIO_IsoINIncomplete  usbd_audio.o
    0x08002bda   0x00000004   Code   RO          405    i.USBD_AUDIO_IsoOutIncomplete  usbd_audio.o
    0x08002bde   0x0000000a   Code   RO          406    i.USBD_AUDIO_RegisterInterface  usbd_audio.o
    0x08002be8   0x00000004   Code   RO          407    i.USBD_AUDIO_SOF    usbd_audio.o
    0x08002bec   0x000000bc   Code   RO          408    i.USBD_AUDIO_Setup  usbd_audio.o
    0x08002ca8   0x00000086   Code   RO          409    i.USBD_AUDIO_Sync   usbd_audio.o
    0x08002d2e   0x0000000e   Code   RO          258    i.USBD_ClrClassConfig  usbd_core.o
    0x08002d3c   0x00000010   Code   RO            4    i.USBD_CtlContinueRx  usbd_ioreq.o
    0x08002d4c   0x00000010   Code   RO            5    i.USBD_CtlContinueSendData  usbd_ioreq.o
    0x08002d5c   0x00000016   Code   RO          193    i.USBD_CtlError     usbd_ctlreq.o
    0x08002d72   0x0000001e   Code   RO            6    i.USBD_CtlPrepareRx  usbd_ioreq.o
    0x08002d90   0x00000016   Code   RO            7    i.USBD_CtlReceiveStatus  usbd_ioreq.o
    0x08002da6   0x0000001a   Code   RO            8    i.USBD_CtlSendData  usbd_ioreq.o
    0x08002dc0   0x00000016   Code   RO            9    i.USBD_CtlSendStatus  usbd_ioreq.o
    0x08002dd6   0x00000002   PAD
    0x08002dd8   0x00000024   Code   RO          724    i.USBD_FS_ConfigStrDescriptor  usbd_desc.o
    0x08002dfc   0x0000000c   Code   RO          725    i.USBD_FS_DeviceDescriptor  usbd_desc.o
    0x08002e08   0x00000024   Code   RO          726    i.USBD_FS_InterfaceStrDescriptor  usbd_desc.o
    0x08002e2c   0x0000000c   Code   RO          727    i.USBD_FS_LangIDStrDescriptor  usbd_desc.o
    0x08002e38   0x00000028   Code   RO          728    i.USBD_FS_ManufacturerStrDescriptor  usbd_desc.o
    0x08002e60   0x00000028   Code   RO          729    i.USBD_FS_ProductStrDescriptor  usbd_desc.o
    0x08002e88   0x00000024   Code   RO          730    i.USBD_FS_SerialStrDescriptor  usbd_desc.o
    0x08002eac   0x000000e0   Code   RO          194    i.USBD_GetDescriptor  usbd_ctlreq.o
    0x08002f8c   0x00000046   Code   RO          195    i.USBD_GetString    usbd_ctlreq.o
    0x08002fd2   0x0000002a   Code   RO          260    i.USBD_Init         usbd_core.o
    0x08002ffc   0x00000020   Code   RO          864    i.USBD_LL_ClearStallEP  usbd_conf.o
    0x0800301c   0x00000020   Code   RO          865    i.USBD_LL_CloseEP   usbd_conf.o
    0x0800303c   0x000000aa   Code   RO          261    i.USBD_LL_DataInStage  usbd_core.o
    0x080030e6   0x0000006a   Code   RO          262    i.USBD_LL_DataOutStage  usbd_core.o
    0x08003150   0x00000004   Code   RO          263    i.USBD_LL_DevConnected  usbd_core.o
    0x08003154   0x00000016   Code   RO          264    i.USBD_LL_DevDisconnected  usbd_core.o
    0x0800316a   0x00000002   PAD
    0x0800316c   0x0000007c   Code   RO          870    i.USBD_LL_Init      usbd_conf.o
    0x080031e8   0x00000020   Code   RO          871    i.USBD_LL_IsStallEP  usbd_conf.o
    0x08003208   0x00000004   Code   RO          265    i.USBD_LL_IsoINIncomplete  usbd_core.o
    0x0800320c   0x00000004   Code   RO          266    i.USBD_LL_IsoOUTIncomplete  usbd_core.o
    0x08003210   0x00000026   Code   RO          872    i.USBD_LL_OpenEP    usbd_conf.o
    0x08003236   0x00000020   Code   RO          873    i.USBD_LL_PrepareReceive  usbd_conf.o
    0x08003256   0x0000003e   Code   RO          267    i.USBD_LL_Reset     usbd_core.o
    0x08003294   0x0000000c   Code   RO          268    i.USBD_LL_Resume    usbd_core.o
    0x080032a0   0x00000018   Code   RO          269    i.USBD_LL_SOF       usbd_core.o
    0x080032b8   0x00000006   Code   RO          270    i.USBD_LL_SetSpeed  usbd_core.o
    0x080032be   0x00000020   Code   RO          874    i.USBD_LL_SetUSBAddress  usbd_conf.o
    0x080032de   0x0000005a   Code   RO          271    i.USBD_LL_SetupStage  usbd_core.o
    0x08003338   0x00000020   Code   RO          875    i.USBD_LL_StallEP   usbd_conf.o
    0x08003358   0x00000020   Code   RO          876    i.USBD_LL_Start     usbd_conf.o
    0x08003378   0x00000012   Code   RO          272    i.USBD_LL_Suspend   usbd_core.o
    0x0800338a   0x00000020   Code   RO          878    i.USBD_LL_Transmit  usbd_conf.o
    0x080033aa   0x00000028   Code   RO          196    i.USBD_ParseSetupRequest  usbd_ctlreq.o
    0x080033d2   0x00000010   Code   RO          273    i.USBD_RegisterClass  usbd_core.o
    0x080033e2   0x00000016   Code   RO          275    i.USBD_SetClassConfig  usbd_core.o
    0x080033f8   0x00000074   Code   RO          197    i.USBD_SetConfig    usbd_ctlreq.o
    0x0800346c   0x0000000a   Code   RO          276    i.USBD_Start        usbd_core.o
    0x08003476   0x000000f2   Code   RO          198    i.USBD_StdDevReq    usbd_ctlreq.o
    0x08003568   0x000000dc   Code   RO          199    i.USBD_StdEPReq     usbd_ctlreq.o
    0x08003644   0x00000034   Code   RO          200    i.USBD_StdItfReq    usbd_ctlreq.o
    0x08003678   0x00000080   Code   RO         1134    i.USB_ActivateEndpoint  stm32f4xx_ll_usb.o
    0x080036f8   0x00000034   Code   RO         1135    i.USB_ActivateSetup  stm32f4xx_ll_usb.o
    0x0800372c   0x0000006c   Code   RO         1137    i.USB_CoreInit      stm32f4xx_ll_usb.o
    0x08003798   0x00000038   Code   RO         1138    i.USB_CoreReset     stm32f4xx_ll_usb.o
    0x080037d0   0x000000c8   Code   RO         1140    i.USB_DeactivateEndpoint  stm32f4xx_ll_usb.o
    0x08003898   0x00000018   Code   RO         1141    i.USB_DevConnect    stm32f4xx_ll_usb.o
    0x080038b0   0x00000018   Code   RO         1142    i.USB_DevDisconnect  stm32f4xx_ll_usb.o
    0x080038c8   0x00000140   Code   RO         1143    i.USB_DevInit       stm32f4xx_ll_usb.o
    0x08003a08   0x0000000c   Code   RO         1144    i.USB_DisableGlobalInt  stm32f4xx_ll_usb.o
    0x08003a14   0x00000140   Code   RO         1147    i.USB_EP0StartXfer  stm32f4xx_ll_usb.o
    0x08003b54   0x0000003e   Code   RO         1148    i.USB_EP0_OutStart  stm32f4xx_ll_usb.o
    0x08003b92   0x00000064   Code   RO         1149    i.USB_EPClearStall  stm32f4xx_ll_usb.o
    0x08003bf6   0x0000005e   Code   RO         1150    i.USB_EPSetStall    stm32f4xx_ll_usb.o
    0x08003c54   0x0000021c   Code   RO         1151    i.USB_EPStartXfer   stm32f4xx_ll_usb.o
    0x08003e70   0x0000000c   Code   RO         1152    i.USB_EnableGlobalInt  stm32f4xx_ll_usb.o
    0x08003e7c   0x00000020   Code   RO         1153    i.USB_FlushRxFifo   stm32f4xx_ll_usb.o
    0x08003e9c   0x00000024   Code   RO         1154    i.USB_FlushTxFifo   stm32f4xx_ll_usb.o
    0x08003ec0   0x0000003c   Code   RO         1156    i.USB_GetDevSpeed   stm32f4xx_ll_usb.o
    0x08003efc   0x00000008   Code   RO         1158    i.USB_GetMode       stm32f4xx_ll_usb.o
    0x08003f04   0x0000000e   Code   RO         1165    i.USB_ReadDevAllInEpInterrupt  stm32f4xx_ll_usb.o
    0x08003f12   0x0000000e   Code   RO         1166    i.USB_ReadDevAllOutEpInterrupt  stm32f4xx_ll_usb.o
    0x08003f20   0x0000001e   Code   RO         1167    i.USB_ReadDevInEPInterrupt  stm32f4xx_ll_usb.o
    0x08003f3e   0x00000010   Code   RO         1168    i.USB_ReadDevOutEPInterrupt  stm32f4xx_ll_usb.o
    0x08003f4e   0x00000008   Code   RO         1169    i.USB_ReadInterrupts  stm32f4xx_ll_usb.o
    0x08003f56   0x00000020   Code   RO         1170    i.USB_ReadPacket    stm32f4xx_ll_usb.o
    0x08003f76   0x0000002c   Code   RO         1172    i.USB_SetCurrentMode  stm32f4xx_ll_usb.o
    0x08003fa2   0x00000022   Code   RO         1173    i.USB_SetDevAddress  stm32f4xx_ll_usb.o
    0x08003fc4   0x00000028   Code   RO         1177    i.USB_WritePacket   stm32f4xx_ll_usb.o
    0x08003fec   0x00000002   Code   RO          608    i.UsageFault_Handler  stm32f4xx_it.o
    0x08003fee   0x00000002   Code   RO          796    i._Error_Handler    main.o
    0x08003ff0   0x0000000e   Code   RO         3327    i.__scatterload_copy  mc_w.l(handlers.o)
    0x08003ffe   0x00000002   Code   RO         3328    i.__scatterload_null  mc_w.l(handlers.o)
    0x08004000   0x0000000e   Code   RO         3329    i.__scatterload_zeroinit  mc_w.l(handlers.o)
    0x0800400e   0x00000002   PAD
    0x08004010   0x00000050   Code   RO         3279    i.free              mc_w.l(malloc.o)
    0x08004060   0x00000044   Code   RO          797    i.main              main.o
    0x080040a4   0x0000006c   Code   RO         3280    i.malloc            mc_w.l(malloc.o)
    0x08004110   0x00000010   Data   RO          506    .constdata          system_stm32f4xx.o
    0x08004120   0x00000008   Data   RO         2081    .constdata          stm32f4xx_hal_dma.o
    0x08004128   0x00000060   Data   RO         3202    .constdata          bsp_audio.o
    0x08004188   0x00000020   Data   RO         3325    Region$$Table       anon$$obj.o


    Execution Region RW_IRAM1 (Base: 0x20000000, Size: 0x00005a30, Max: 0x00020000, ABSOLUTE)

    Base Addr    Size         Type   Attr      Idx    E Section Name        Object

    0x20000000   0x00000001   Data   RW          201    .data               usbd_ctlreq.o
    0x20000001   0x00000003   PAD
    0x20000004   0x00000038   Data   RW          410    .data               usbd_audio.o
    0x2000003c   0x0000007a   Data   RW          411    .data               usbd_audio.o
    0x200000b6   0x00000002   PAD
    0x200000b8   0x00000004   Data   RW          508    .data               system_stm32f4xx.o
    0x200000bc   0x00000008   Data   RW          548    .data               stm32f4xx_hal_msp.o
    0x200000c4   0x0000001c   Data   RW          732    .data               usbd_desc.o
    0x200000e0   0x00000016   Data   RW          733    .data               usbd_desc.o
    0x200000f6   0x00000002   PAD
    0x200000f8   0x0000001c   Data   RW         1049    .data               usbd_audio_if.o
    0x20000114   0x00000004   Data   RW         2674    .data               stm32f4xx_hal.o
    0x20000118   0x00000004   Data   RW         3321    .data               mc_w.l(mvars.o)
    0x2000011c   0x00000004   Data   RW         3322    .data               mc_w.l(mvars.o)
    0x20000120   0x00000224   Zero   RW          687    .bss                usb_device.o
    0x20000344   0x00000200   Zero   RW          731    .bss                usbd_desc.o
    0x20000544   0x00000098   Zero   RW          798    .bss                main.o
    0x200005dc   0x00000060   Zero   RW          799    .bss                main.o
    0x2000063c   0x000003f0   Zero   RW          879    .bss                usbd_conf.o
    0x20000a2c   0x00000004   PAD
    0x20000a30   0x00004000   Zero   RW          495    HEAP                startup_stm32f407xx.o
    0x20004a30   0x00001000   Zero   RW          494    STACK               startup_stm32f407xx.o


==============================================================================

Image component sizes


      Code (inc. data)   RO Data    RW Data    ZI Data      Debug   Object Name

       286         40         96          0          0       6366   bsp_audio.o
       934         66          0          0        248       4609   main.o
        36          8        392          0      20480        808   startup_stm32f407xx.o
       148         22          0          4          0       4463   stm32f4xx_hal.o
       228         14          0          0          0      32197   stm32f4xx_hal_cortex.o
      1062         22          8          0          0       6763   stm32f4xx_hal_dma.o
       442         44          0          0          0       2444   stm32f4xx_hal_gpio.o
      1094         38          0          0          0       7248   stm32f4xx_hal_i2s.o
       754         26          0          0          0       3639   stm32f4xx_hal_i2s_ex.o
       456         82          0          8          0       3054   stm32f4xx_hal_msp.o
      2136         72          0          0          0      10773   stm32f4xx_hal_pcd.o
        76          0          0          0          0       1864   stm32f4xx_hal_pcd_ex.o
      1338         60          0          0          0       6161   stm32f4xx_hal_rcc.o
       512         42          0          0          0       2936   stm32f4xx_hal_rcc_ex.o
        86          0          0          0          0       1220   stm32f4xx_hal_sram.o
        56         12          0          0          0       5128   stm32f4xx_it.o
       216         12          0          0          0       2727   stm32f4xx_ll_fsmc.o
      2420         56          0          0          0      20568   stm32f4xx_ll_usb.o
        84         18         16          4          0       1171   system_stm32f4xx.o
        56         18          0          0        548       3165   usb_device.o
       684         12          0        178          0      13338   usbd_audio.o
       122         12          0         28          0       5230   usbd_audio_if.o
       698         38          0          0       1008      14074   usbd_conf.o
       626          0          0          0          0      12118   usbd_core.o
       986         30          0          1          0       8044   usbd_ctlreq.o
       212        116          0         50        512       5199   usbd_desc.o
       132          0          0          0          0     675016   usbd_ioreq.o

    ----------------------------------------------------------------------
     15916        860        544        280      22800     860323   Object Totals
         0          0         32          0          0          0   (incl. Generated)
        36          0          0          7          4          0   (incl. Padding)

    ----------------------------------------------------------------------

      Code (inc. data)   RO Data    RW Data    ZI Data      Debug   Library Member Name

         0          0          0          0          0          0   entry.o
         0          0          0          0          0          0   entry10a.o
         0          0          0          0          0          0   entry11a.o
         8          4          0          0          0          0   entry2.o
         4          0          0          0          0          0   entry5.o
         0          0          0          0          0          0   entry7b.o
         0          0          0          0          0          0   entry8b.o
         8          4          0          0          0          0   entry9a.o
        30          0          0          0          0          0   handlers.o
        36          8          0          0          0         68   init.o
       188         20          0          0          0        160   malloc.o
        36          0          0          0          0         68   memcpya.o
        36          0          0          0          0        108   memseta.o
         0          0          0          8          0          0   mvars.o

    ----------------------------------------------------------------------
       348         36          0          8          0        404   Library Totals
         2          0          0          0          0          0   (incl. Padding)

    ----------------------------------------------------------------------

      Code (inc. data)   RO Data    RW Data    ZI Data      Debug   Library Name

       346         36          0          8          0        404   mc_w.l

    ----------------------------------------------------------------------
       348         36          0          8          0        404   Library Totals

    ----------------------------------------------------------------------

==============================================================================


      Code (inc. data)   RO Data    RW Data    ZI Data      Debug   

     16264        896        544        288      22800     840875   Grand Totals
     16264        896        544        288      22800     840875   ELF Image Totals
     16264        896        544        288          0          0   ROM Totals

==============================================================================

    Total RO  Size (Code + RO Data)                16808 (  16.41kB)
    Total RW  Size (RW Data + ZI Data)             23088 (  22.55kB)
    Total ROM Size (Code + RO Data + RW Data)      17096 (  16.70kB)

==============================================================================

